Archive member included to satisfy reference by file (symbol)

C:/ST/STM32CubeIDE_1.14.1/STM32CubeIDE/plugins/com.st.stm32cube.ide.mcu.externaltools.gnu-tools-for-stm32.11.3.rel1.win32_1.1.100.202309141235/tools/bin/../lib/gcc/arm-none-eabi/11.3.1/../../../../arm-none-eabi/lib/thumb/v7e-m+fp/hard\libc_nano.a(libc_a-exit.o)
                              C:/ST/STM32CubeIDE_1.14.1/STM32CubeIDE/plugins/com.st.stm32cube.ide.mcu.externaltools.gnu-tools-for-stm32.11.3.rel1.win32_1.1.100.202309141235/tools/bin/../lib/gcc/arm-none-eabi/11.3.1/../../../../arm-none-eabi/lib/thumb/v7e-m+fp/hard/crt0.o (exit)
C:/ST/STM32CubeIDE_1.14.1/STM32CubeIDE/plugins/com.st.stm32cube.ide.mcu.externaltools.gnu-tools-for-stm32.11.3.rel1.win32_1.1.100.202309141235/tools/bin/../lib/gcc/arm-none-eabi/11.3.1/../../../../arm-none-eabi/lib/thumb/v7e-m+fp/hard\libc_nano.a(libc_a-findfp.o)
                              C:/ST/STM32CubeIDE_1.14.1/STM32CubeIDE/plugins/com.st.stm32cube.ide.mcu.externaltools.gnu-tools-for-stm32.11.3.rel1.win32_1.1.100.202309141235/tools/bin/../lib/gcc/arm-none-eabi/11.3.1/../../../../arm-none-eabi/lib/thumb/v7e-m+fp/hard\libc_nano.a(libc_a-exit.o) (__stdio_exit_handler)
C:/ST/STM32CubeIDE_1.14.1/STM32CubeIDE/plugins/com.st.stm32cube.ide.mcu.externaltools.gnu-tools-for-stm32.11.3.rel1.win32_1.1.100.202309141235/tools/bin/../lib/gcc/arm-none-eabi/11.3.1/../../../../arm-none-eabi/lib/thumb/v7e-m+fp/hard\libc_nano.a(libc_a-fwalk.o)
                              C:/ST/STM32CubeIDE_1.14.1/STM32CubeIDE/plugins/com.st.stm32cube.ide.mcu.externaltools.gnu-tools-for-stm32.11.3.rel1.win32_1.1.100.202309141235/tools/bin/../lib/gcc/arm-none-eabi/11.3.1/../../../../arm-none-eabi/lib/thumb/v7e-m+fp/hard\libc_nano.a(libc_a-findfp.o) (_fwalk_sglue)
C:/ST/STM32CubeIDE_1.14.1/STM32CubeIDE/plugins/com.st.stm32cube.ide.mcu.externaltools.gnu-tools-for-stm32.11.3.rel1.win32_1.1.100.202309141235/tools/bin/../lib/gcc/arm-none-eabi/11.3.1/../../../../arm-none-eabi/lib/thumb/v7e-m+fp/hard\libc_nano.a(libc_a-puts.o)
                              ./user/usermain.o (puts)
C:/ST/STM32CubeIDE_1.14.1/STM32CubeIDE/plugins/com.st.stm32cube.ide.mcu.externaltools.gnu-tools-for-stm32.11.3.rel1.win32_1.1.100.202309141235/tools/bin/../lib/gcc/arm-none-eabi/11.3.1/../../../../arm-none-eabi/lib/thumb/v7e-m+fp/hard\libc_nano.a(libc_a-stdio.o)
                              C:/ST/STM32CubeIDE_1.14.1/STM32CubeIDE/plugins/com.st.stm32cube.ide.mcu.externaltools.gnu-tools-for-stm32.11.3.rel1.win32_1.1.100.202309141235/tools/bin/../lib/gcc/arm-none-eabi/11.3.1/../../../../arm-none-eabi/lib/thumb/v7e-m+fp/hard\libc_nano.a(libc_a-findfp.o) (__sread)
C:/ST/STM32CubeIDE_1.14.1/STM32CubeIDE/plugins/com.st.stm32cube.ide.mcu.externaltools.gnu-tools-for-stm32.11.3.rel1.win32_1.1.100.202309141235/tools/bin/../lib/gcc/arm-none-eabi/11.3.1/../../../../arm-none-eabi/lib/thumb/v7e-m+fp/hard\libc_nano.a(libc_a-wbuf.o)
                              C:/ST/STM32CubeIDE_1.14.1/STM32CubeIDE/plugins/com.st.stm32cube.ide.mcu.externaltools.gnu-tools-for-stm32.11.3.rel1.win32_1.1.100.202309141235/tools/bin/../lib/gcc/arm-none-eabi/11.3.1/../../../../arm-none-eabi/lib/thumb/v7e-m+fp/hard\libc_nano.a(libc_a-puts.o) (__swbuf_r)
C:/ST/STM32CubeIDE_1.14.1/STM32CubeIDE/plugins/com.st.stm32cube.ide.mcu.externaltools.gnu-tools-for-stm32.11.3.rel1.win32_1.1.100.202309141235/tools/bin/../lib/gcc/arm-none-eabi/11.3.1/../../../../arm-none-eabi/lib/thumb/v7e-m+fp/hard\libc_nano.a(libc_a-wsetup.o)
                              C:/ST/STM32CubeIDE_1.14.1/STM32CubeIDE/plugins/com.st.stm32cube.ide.mcu.externaltools.gnu-tools-for-stm32.11.3.rel1.win32_1.1.100.202309141235/tools/bin/../lib/gcc/arm-none-eabi/11.3.1/../../../../arm-none-eabi/lib/thumb/v7e-m+fp/hard\libc_nano.a(libc_a-puts.o) (__swsetup_r)
C:/ST/STM32CubeIDE_1.14.1/STM32CubeIDE/plugins/com.st.stm32cube.ide.mcu.externaltools.gnu-tools-for-stm32.11.3.rel1.win32_1.1.100.202309141235/tools/bin/../lib/gcc/arm-none-eabi/11.3.1/../../../../arm-none-eabi/lib/thumb/v7e-m+fp/hard\libc_nano.a(libc_a-memset.o)
                              C:/ST/STM32CubeIDE_1.14.1/STM32CubeIDE/plugins/com.st.stm32cube.ide.mcu.externaltools.gnu-tools-for-stm32.11.3.rel1.win32_1.1.100.202309141235/tools/bin/../lib/gcc/arm-none-eabi/11.3.1/../../../../arm-none-eabi/lib/thumb/v7e-m+fp/hard/crt0.o (memset)
C:/ST/STM32CubeIDE_1.14.1/STM32CubeIDE/plugins/com.st.stm32cube.ide.mcu.externaltools.gnu-tools-for-stm32.11.3.rel1.win32_1.1.100.202309141235/tools/bin/../lib/gcc/arm-none-eabi/11.3.1/../../../../arm-none-eabi/lib/thumb/v7e-m+fp/hard\libc_nano.a(libc_a-closer.o)
                              C:/ST/STM32CubeIDE_1.14.1/STM32CubeIDE/plugins/com.st.stm32cube.ide.mcu.externaltools.gnu-tools-for-stm32.11.3.rel1.win32_1.1.100.202309141235/tools/bin/../lib/gcc/arm-none-eabi/11.3.1/../../../../arm-none-eabi/lib/thumb/v7e-m+fp/hard\libc_nano.a(libc_a-stdio.o) (_close_r)
[...]
Memory Configuration

Name             Origin             Length             Attributes
RAM              0x0000000020000000 0x0000000000050000 xrw
FLASH            0x0000000008000000 0x0000000000100000 xr
*default*        0x0000000000000000 0xffffffffffffffff

Linker script and memory map

LOAD C:/ST/STM32CubeIDE_1.14.1/STM32CubeIDE/plugins/com.st.stm32cube.ide.mcu.externaltools.gnu-tools-for-stm32.11.3.rel1.win32_1.1.100.202309141235/tools/bin/../lib/gcc/arm-none-eabi/11.3.1/thumb/v7e-m+fp/hard/crti.o
LOAD C:/ST/STM32CubeIDE_1.14.1/STM32CubeIDE/plugins/com.st.stm32cube.ide.mcu.externaltools.gnu-tools-for-stm32.11.3.rel1.win32_1.1.100.202309141235/tools/bin/../lib/gcc/arm-none-eabi/11.3.1/thumb/v7e-m+fp/hard/crtbegin.o
LOAD C:/ST/STM32CubeIDE_1.14.1/STM32CubeIDE/plugins/com.st.stm32cube.ide.mcu.externaltools.gnu-tools-for-stm32.11.3.rel1.win32_1.1.100.202309141235/tools/bin/../lib/gcc/arm-none-eabi/11.3.1/../../../../arm-none-eabi/lib/thumb/v7e-m+fp/hard/crt0.o
LOAD ./Core/Src/eth.o
LOAD ./Core/Src/gpio.o
LOAD ./Core/Src/main.o
LOAD ./Core/Src/stm32f7xx_hal_msp.o
LOAD ./Core/Src/stm32f7xx_it.o
LOAD ./Core/Src/syscalls.o
LOAD ./Core/Src/sysmem.o
LOAD ./Core/Src/system_stm32f7xx.o
LOAD ./Core/Src/tim.o
LOAD ./Core/Src/usart.o
LOAD ./Core/Src/usb_otg.o
LOAD ./Core/Startup/startup_stm32f756zgtx.o
LOAD ./Drivers/STM32F7xx_HAL_Driver/stm32f7xx_hal.o
LOAD ./Drivers/STM32F7xx_HAL_Driver/stm32f7xx_hal_cortex.o
LOAD ./Drivers/STM32F7xx_HAL_Driver/stm32f7xx_hal_dma.o
LOAD ./Drivers/STM32F7xx_HAL_Driver/stm32f7xx_hal_dma_ex.o
LOAD ./Drivers/STM32F7xx_HAL_Driver/stm32f7xx_hal_eth.o
LOAD ./Drivers/STM32F7xx_HAL_Driver/stm32f7xx_hal_exti.o
LOAD ./Drivers/STM32F7xx_HAL_Driver/stm32f7xx_hal_flash.o
LOAD ./Drivers/STM32F7xx_HAL_Driver/stm32f7xx_hal_flash_ex.o
LOAD ./Drivers/STM32F7xx_HAL_Driver/stm32f7xx_hal_gpio.o
LOAD ./Drivers/STM32F7xx_HAL_Driver/stm32f7xx_hal_i2c.o
LOAD ./Drivers/STM32F7xx_HAL_Driver/stm32f7xx_hal_i2c_ex.o
LOAD ./Drivers/STM32F7xx_HAL_Driver/stm32f7xx_hal_pcd.o
LOAD ./Drivers/STM32F7xx_HAL_Driver/stm32f7xx_hal_pcd_ex.o
LOAD ./Drivers/STM32F7xx_HAL_Driver/stm32f7xx_hal_pwr.o
LOAD ./Drivers/STM32F7xx_HAL_Driver/stm32f7xx_hal_pwr_ex.o
LOAD ./Drivers/STM32F7xx_HAL_Driver/stm32f7xx_hal_rcc.o
LOAD ./Drivers/STM32F7xx_HAL_Driver/stm32f7xx_hal_rcc_ex.o
LOAD ./Drivers/STM32F7xx_HAL_Driver/stm32f7xx_hal_tim.o
LOAD ./Drivers/STM32F7xx_HAL_Driver/stm32f7xx_hal_tim_ex.o
LOAD ./Drivers/STM32F7xx_HAL_Driver/stm32f7xx_hal_uart.o
LOAD ./Drivers/STM32F7xx_HAL_Driver/stm32f7xx_hal_uart_ex.o
LOAD ./Drivers/STM32F7xx_HAL_Driver/stm32f7xx_ll_usb.o
LOAD ./user/retarget.o
LOAD ./user/usermain.o
START GROUP
LOAD C:/ST/STM32CubeIDE_1.14.1/STM32CubeIDE/plugins/com.st.stm32cube.ide.mcu.externaltools.gnu-tools-for-stm32.11.3.rel1.win32_1.1.100.202309141235/tools/bin/../lib/gcc/arm-none-eabi/11.3.1/../../../../arm-none-eabi/lib/thumb/v7e-m+fp/hard\libstdc++_nano.a
LOAD C:/ST/STM32CubeIDE_1.14.1/STM32CubeIDE/plugins/com.st.stm32cube.ide.mcu.externaltools.gnu-tools-for-stm32.11.3.rel1.win32_1.1.100.202309141235/tools/bin/../lib/gcc/arm-none-eabi/11.3.1/../../../../arm-none-eabi/lib/thumb/v7e-m+fp/hard\libsupc++_nano.a
END GROUP
LOAD C:/ST/STM32CubeIDE_1.14.1/STM32CubeIDE/plugins/com.st.stm32cube.ide.mcu.externaltools.gnu-tools-for-stm32.11.3.rel1.win32_1.1.100.202309141235/tools/bin/../lib/gcc/arm-none-eabi/11.3.1/../../../../arm-none-eabi/lib/thumb/v7e-m+fp/hard\libstdc++_nano.a
LOAD C:/ST/STM32CubeIDE_1.14.1/STM32CubeIDE/plugins/com.st.stm32cube.ide.mcu.externaltools.gnu-tools-for-stm32.11.3.rel1.win32_1.1.100.202309141235/tools/bin/../lib/gcc/arm-none-eabi/11.3.1/../../../../arm-none-eabi/lib/thumb/v7e-m+fp/hard\libm.a
LOAD C:/ST/STM32CubeIDE_1.14.1/STM32CubeIDE/plugins/com.st.stm32cube.ide.mcu.externaltools.gnu-tools-for-stm32.11.3.rel1.win32_1.1.100.202309141235/tools/bin/../lib/gcc/arm-none-eabi/11.3.1/../../../../arm-none-eabi/lib/thumb/v7e-m+fp/hard\libc_nano.a
START GROUP
LOAD C:/ST/STM32CubeIDE_1.14.1/STM32CubeIDE/plugins/com.st.stm32cube.ide.mcu.externaltools.gnu-tools-for-stm32.11.3.rel1.win32_1.1.100.202309141235/tools/bin/../lib/gcc/arm-none-eabi/11.3.1/thumb/v7e-m+fp/hard\libgcc.a
LOAD C:/ST/STM32CubeIDE_1.14.1/STM32CubeIDE/plugins/com.st.stm32cube.ide.mcu.externaltools.gnu-tools-for-stm32.11.3.rel1.win32_1.1.100.202309141235/tools/bin/../lib/gcc/arm-none-eabi/11.3.1/../../../../arm-none-eabi/lib/thumb/v7e-m+fp/hard\libc_nano.a
END GROUP
START GROUP
LOAD C:/ST/STM32CubeIDE_1.14.1/STM32CubeIDE/plugins/com.st.stm32cube.ide.mcu.externaltools.gnu-tools-for-stm32.11.3.rel1.win32_1.1.100.202309141235/tools/bin/../lib/gcc/arm-none-eabi/11.3.1/thumb/v7e-m+fp/hard\libgcc.a
LOAD C:/ST/STM32CubeIDE_1.14.1/STM32CubeIDE/plugins/com.st.stm32cube.ide.mcu.externaltools.gnu-tools-for-stm32.11.3.rel1.win32_1.1.100.202309141235/tools/bin/../lib/gcc/arm-none-eabi/11.3.1/../../../../arm-none-eabi/lib/thumb/v7e-m+fp/hard\libc_nano.a
LOAD C:/ST/STM32CubeIDE_1.14.1/STM32CubeIDE/plugins/com.st.stm32cube.ide.mcu.externaltools.gnu-tools-for-stm32.11.3.rel1.win32_1.1.100.202309141235/tools/bin/../lib/gcc/arm-none-eabi/11.3.1/../../../../arm-none-eabi/lib/thumb/v7e-m+fp/hard\libnosys.a
END GROUP
START GROUP
LOAD C:/ST/STM32CubeIDE_1.14.1/STM32CubeIDE/plugins/com.st.stm32cube.ide.mcu.externaltools.gnu-tools-for-stm32.11.3.rel1.win32_1.1.100.202309141235/tools/bin/../lib/gcc/arm-none-eabi/11.3.1/thumb/v7e-m+fp/hard\libgcc.a
LOAD C:/ST/STM32CubeIDE_1.14.1/STM32CubeIDE/plugins/com.st.stm32cube.ide.mcu.externaltools.gnu-tools-for-stm32.11.3.rel1.win32_1.1.100.202309141235/tools/bin/../lib/gcc/arm-none-eabi/11.3.1/../../../../arm-none-eabi/lib/thumb/v7e-m+fp/hard\libc_nano.a
LOAD C:/ST/STM32CubeIDE_1.14.1/STM32CubeIDE/plugins/com.st.stm32cube.ide.mcu.externaltools.gnu-tools-for-stm32.11.3.rel1.win32_1.1.100.202309141235/tools/bin/../lib/gcc/arm-none-eabi/11.3.1/../../../../arm-none-eabi/lib/thumb/v7e-m+fp/hard\libnosys.a
END GROUP
LOAD C:/ST/STM32CubeIDE_1.14.1/STM32CubeIDE/plugins/com.st.stm32cube.ide.mcu.externaltools.gnu-tools-for-stm32.11.3.rel1.win32_1.1.100.202309141235/tools/bin/../lib/gcc/arm-none-eabi/11.3.1/thumb/v7e-m+fp/hard/crtend.o
LOAD C:/ST/STM32CubeIDE_1.14.1/STM32CubeIDE/plugins/com.st.stm32cube.ide.mcu.externaltools.gnu-tools-for-stm32.11.3.rel1.win32_1.1.100.202309141235/tools/bin/../lib/gcc/arm-none-eabi/11.3.1/thumb/v7e-m+fp/hard/crtn.o
                0x0000000020050000                _estack = (ORIGIN (RAM) + LENGTH (RAM))
                0x0000000000000200                _Min_Heap_Size = 0x200
                0x0000000000000400                _Min_Stack_Size = 0x400

.isr_vector     0x0000000008000000      0x1c8
                0x0000000008000000                . = ALIGN (0x4)
 *(.isr_vector)
 .isr_vector    0x0000000008000000      0x1c8 ./Core/Startup/startup_stm32f756zgtx.o
                0x0000000008000000                g_pfnVectors
                0x00000000080001c8                . = ALIGN (0x4)

.text           0x00000000080001c8     0x4a60
                0x00000000080001c8                . = ALIGN (0x4)
 *(.text)
 .text          0x00000000080001c8       0x40 C:/ST/STM32CubeIDE_1.14.1/STM32CubeIDE/plugins/com.st.stm32cube.ide.mcu.externaltools.gnu-tools-for-stm32.11.3.rel1.win32_1.1.100.202309141235/tools/bin/../lib/gcc/arm-none-eabi/11.3.1/thumb/v7e-m+fp/hard/crtbegin.o
 .text          0x0000000008000208       0x30 C:/ST/STM32CubeIDE_1.14.1/STM32CubeIDE/plugins/com.st.stm32cube.ide.mcu.externaltools.gnu-tools-for-stm32.11.3.rel1.win32_1.1.100.202309141235/tools/bin/../lib/gcc/arm-none-eabi/11.3.1/thumb/v7e-m+fp/hard\libgcc.a(_aeabi_uldivmod.o)
                0x0000000008000208                __aeabi_uldivmod
 .text          0x0000000008000238      0x2c8 C:/ST/STM32CubeIDE_1.14.1/STM32CubeIDE/plugins/com.st.stm32cube.ide.mcu.externaltools.gnu-tools-for-stm32.11.3.rel1.win32_1.1.100.202309141235/tools/bin/../lib/gcc/arm-none-eabi/11.3.1/thumb/v7e-m+fp/hard\libgcc.a(_udivmoddi4.o)
                0x0000000008000238                __udivmoddi4
 .text          0x0000000008000500        0x4 C:/ST/STM32CubeIDE_1.14.1/STM32CubeIDE/plugins/com.st.stm32cube.ide.mcu.externaltools.gnu-tools-for-stm32.11.3.rel1.win32_1.1.100.202309141235/tools/bin/../lib/gcc/arm-none-eabi/11.3.1/thumb/v7e-m+fp/hard\libgcc.a(_dvmd_tls.o)
                0x0000000008000500                __aeabi_idiv0
                0x0000000008000500                __aeabi_ldiv0
 *(.text*)
 .text.MX_ETH_Init
                0x0000000008000504       0x9c ./Core/Src/eth.o
                0x0000000008000504                MX_ETH_Init
 .text.HAL_ETH_MspInit
                0x00000000080005a0      0x170 ./Core/Src/eth.o
                0x00000000080005a0                HAL_ETH_MspInit
 .text.MX_GPIO_Init
                0x0000000008000710      0x144 ./Core/Src/gpio.o
                0x0000000008000710                MX_GPIO_Init
 .text.main     0x0000000008000854       0x26 ./Core/Src/main.o
                0x0000000008000854                main
 *fill*         0x000000000800087a        0x2 
 .text.SystemClock_Config
                0x000000000800087c       0xd0 ./Core/Src/main.o
                0x000000000800087c                SystemClock_Config
 .text.Error_Handler
                0x000000000800094c        0xa ./Core/Src/main.o
                0x000000000800094c                Error_Handler
 *fill*         0x0000000008000956        0x2 
 .text.HAL_MspInit
                0x0000000008000958       0x48 ./Core/Src/stm32f7xx_hal_msp.o
                0x0000000008000958                HAL_MspInit
 .text.NMI_Handler
                0x00000000080009a0        0x6 ./Core/Src/stm32f7xx_it.o
                0x00000000080009a0                NMI_Handler
 .text.HardFault_Handler
                0x00000000080009a6        0x6 ./Core/Src/stm32f7xx_it.o
                0x00000000080009a6                HardFault_Handler
 .text.MemManage_Handler
                0x00000000080009ac        0x6 ./Core/Src/stm32f7xx_it.o
                0x00000000080009ac                MemManage_Handler
 .text.BusFault_Handler
                0x00000000080009b2        0x6 ./Core/Src/stm32f7xx_it.o
                0x00000000080009b2                BusFault_Handler
 .text.UsageFault_Handler
                0x00000000080009b8        0x6 ./Core/Src/stm32f7xx_it.o
                0x00000000080009b8                UsageFault_Handler
 .text.SVC_Handler
                0x00000000080009be        0xe ./Core/Src/stm32f7xx_it.o
                0x00000000080009be                SVC_Handler
 .text.DebugMon_Handler
                0x00000000080009cc        0xe ./Core/Src/stm32f7xx_it.o
                0x00000000080009cc                DebugMon_Handler
 .text.PendSV_Handler
                0x00000000080009da        0xe ./Core/Src/stm32f7xx_it.o
                0x00000000080009da                PendSV_Handler
 .text.SysTick_Handler
                0x00000000080009e8        0xc ./Core/Src/stm32f7xx_it.o
                0x00000000080009e8                SysTick_Handler
 .text._read    0x00000000080009f4       0x3a ./Core/Src/syscalls.o
                0x00000000080009f4                _read
 .text._write   0x0000000008000a2e       0x38 ./Core/Src/syscalls.o
                0x0000000008000a2e                _write
 .text._close   0x0000000008000a66       0x18 ./Core/Src/syscalls.o
                0x0000000008000a66                _close
 .text._fstat   0x0000000008000a7e       0x20 ./Core/Src/syscalls.o
                0x0000000008000a7e                _fstat
 .text._isatty  0x0000000008000a9e       0x16 ./Core/Src/syscalls.o
                0x0000000008000a9e                _isatty
 .text._lseek   0x0000000008000ab4       0x1a ./Core/Src/syscalls.o
                0x0000000008000ab4                _lseek
 *fill*         0x0000000008000ace        0x2 
 .text._sbrk    0x0000000008000ad0       0x6c ./Core/Src/sysmem.o
                0x0000000008000ad0                _sbrk
 .text.SystemInit
                0x0000000008000b3c       0x24 ./Core/Src/system_stm32f7xx.o
                0x0000000008000b3c                SystemInit
 .text.MX_TIM6_Init
                0x0000000008000b60       0x6c ./Core/Src/tim.o
                0x0000000008000b60                MX_TIM6_Init
 .text.HAL_TIM_Base_MspInit
                0x0000000008000bcc       0x40 ./Core/Src/tim.o
                0x0000000008000bcc                HAL_TIM_Base_MspInit
 .text.MX_USART3_UART_Init
                0x0000000008000c0c       0x60 ./Core/Src/usart.o
                0x0000000008000c0c                MX_USART3_UART_Init
 .text.HAL_UART_MspInit
                0x0000000008000c6c       0xc0 ./Core/Src/usart.o
                0x0000000008000c6c                HAL_UART_MspInit
 .text.MX_USB_OTG_FS_PCD_Init
                0x0000000008000d2c       0x5c ./Core/Src/usb_otg.o
                0x0000000008000d2c                MX_USB_OTG_FS_PCD_Init
 .text.HAL_PCD_MspInit
                0x0000000008000d88       0xf4 ./Core/Src/usb_otg.o
                0x0000000008000d88                HAL_PCD_MspInit
 .text.Reset_Handler
                0x0000000008000e7c       0x50 ./Core/Startup/startup_stm32f756zgtx.o
                0x0000000008000e7c                Reset_Handler
 .text.Default_Handler
                0x0000000008000ecc        0x2 ./Core/Startup/startup_stm32f756zgtx.o
                0x0000000008000ecc                RTC_Alarm_IRQHandler
                0x0000000008000ecc                HASH_RNG_IRQHandler
                0x0000000008000ecc                EXTI2_IRQHandler
                0x0000000008000ecc                TIM8_CC_IRQHandler
                0x0000000008000ecc                UART8_IRQHandler
                0x0000000008000ecc                SPI4_IRQHandler
                0x0000000008000ecc                TIM1_CC_IRQHandler
                0x0000000008000ecc                DMA2_Stream5_IRQHandler
                0x0000000008000ecc                DMA1_Stream5_IRQHandler
                0x0000000008000ecc                PVD_IRQHandler
                0x0000000008000ecc                TAMP_STAMP_IRQHandler
                0x0000000008000ecc                CAN2_RX1_IRQHandler
                0x0000000008000ecc                EXTI3_IRQHandler
                0x0000000008000ecc                TIM8_TRG_COM_TIM14_IRQHandler
                0x0000000008000ecc                TIM1_UP_TIM10_IRQHandler
                0x0000000008000ecc                TIM8_UP_TIM13_IRQHandler
                0x0000000008000ecc                I2C3_ER_IRQHandler
                0x0000000008000ecc                EXTI0_IRQHandler
                0x0000000008000ecc                I2C2_EV_IRQHandler
                0x0000000008000ecc                DMA1_Stream2_IRQHandler
                0x0000000008000ecc                CAN1_RX0_IRQHandler
                0x0000000008000ecc                FPU_IRQHandler
                0x0000000008000ecc                OTG_HS_WKUP_IRQHandler
                0x0000000008000ecc                LTDC_ER_IRQHandler
                0x0000000008000ecc                CAN2_SCE_IRQHandler
                0x0000000008000ecc                DMA2_Stream2_IRQHandler
                0x0000000008000ecc                SPI1_IRQHandler
                0x0000000008000ecc                TIM6_DAC_IRQHandler
                0x0000000008000ecc                TIM1_BRK_TIM9_IRQHandler
                0x0000000008000ecc                DCMI_IRQHandler
                0x0000000008000ecc                CAN2_RX0_IRQHandler
                0x0000000008000ecc                DMA2_Stream3_IRQHandler
                0x0000000008000ecc                SAI2_IRQHandler
                0x0000000008000ecc                USART6_IRQHandler
                0x0000000008000ecc                USART3_IRQHandler
                0x0000000008000ecc                CRYP_IRQHandler
                0x0000000008000ecc                CAN1_RX1_IRQHandler
                0x0000000008000ecc                UART5_IRQHandler
                0x0000000008000ecc                DMA2_Stream0_IRQHandler
                0x0000000008000ecc                TIM4_IRQHandler
                0x0000000008000ecc                QUADSPI_IRQHandler
                0x0000000008000ecc                I2C1_EV_IRQHandler
                0x0000000008000ecc                DMA1_Stream6_IRQHandler
                0x0000000008000ecc                DMA1_Stream1_IRQHandler
                0x0000000008000ecc                UART4_IRQHandler
                0x0000000008000ecc                TIM3_IRQHandler
                0x0000000008000ecc                RCC_IRQHandler
                0x0000000008000ecc                TIM8_BRK_TIM12_IRQHandler
                0x0000000008000ecc                Default_Handler
                0x0000000008000ecc                CEC_IRQHandler
                0x0000000008000ecc                EXTI15_10_IRQHandler
                0x0000000008000ecc                ADC_IRQHandler
                0x0000000008000ecc                DMA1_Stream7_IRQHandler
                0x0000000008000ecc                SPI5_IRQHandler
                0x0000000008000ecc                TIM7_IRQHandler
                0x0000000008000ecc                SDMMC1_IRQHandler
                0x0000000008000ecc                CAN2_TX_IRQHandler
                0x0000000008000ecc                TIM5_IRQHandler
                0x0000000008000ecc                DMA2_Stream7_IRQHandler
                0x0000000008000ecc                I2C3_EV_IRQHandler
                0x0000000008000ecc                EXTI9_5_IRQHandler
                0x0000000008000ecc                RTC_WKUP_IRQHandler
                0x0000000008000ecc                LTDC_IRQHandler
                0x0000000008000ecc                ETH_WKUP_IRQHandler
                0x0000000008000ecc                SPDIF_RX_IRQHandler
                0x0000000008000ecc                SPI2_IRQHandler
                0x0000000008000ecc                OTG_HS_EP1_IN_IRQHandler
                0x0000000008000ecc                DMA1_Stream0_IRQHandler
                0x0000000008000ecc                CAN1_TX_IRQHandler
                0x0000000008000ecc                EXTI4_IRQHandler
                0x0000000008000ecc                ETH_IRQHandler
                0x0000000008000ecc                OTG_HS_EP1_OUT_IRQHandler
                0x0000000008000ecc                WWDG_IRQHandler
                0x0000000008000ecc                SPI6_IRQHandler
                0x0000000008000ecc                I2C4_EV_IRQHandler
                0x0000000008000ecc                TIM2_IRQHandler
                0x0000000008000ecc                OTG_FS_WKUP_IRQHandler
                0x0000000008000ecc                TIM1_TRG_COM_TIM11_IRQHandler
                0x0000000008000ecc                OTG_HS_IRQHandler
                0x0000000008000ecc                DMA2D_IRQHandler
                0x0000000008000ecc                EXTI1_IRQHandler
                0x0000000008000ecc                UART7_IRQHandler
                0x0000000008000ecc                USART2_IRQHandler
                0x0000000008000ecc                I2C2_ER_IRQHandler
                0x0000000008000ecc                DMA2_Stream1_IRQHandler
                0x0000000008000ecc                CAN1_SCE_IRQHandler
                0x0000000008000ecc                FLASH_IRQHandler
                0x0000000008000ecc                DMA2_Stream4_IRQHandler
                0x0000000008000ecc                USART1_IRQHandler
                0x0000000008000ecc                OTG_FS_IRQHandler
                0x0000000008000ecc                SPI3_IRQHandler
                0x0000000008000ecc                DMA1_Stream4_IRQHandler
                0x0000000008000ecc                I2C1_ER_IRQHandler
                0x0000000008000ecc                FMC_IRQHandler
                0x0000000008000ecc                LPTIM1_IRQHandler
                0x0000000008000ecc                I2C4_ER_IRQHandler
                0x0000000008000ecc                DMA2_Stream6_IRQHandler
                0x0000000008000ecc                SAI1_IRQHandler
                0x0000000008000ecc                DMA1_Stream3_IRQHandler
 .text.HAL_Init
                0x0000000008000ece       0x1a ./Drivers/STM32F7xx_HAL_Driver/stm32f7xx_hal.o
                0x0000000008000ece                HAL_Init
 .text.HAL_InitTick
                0x0000000008000ee8       0x60 ./Drivers/STM32F7xx_HAL_Driver/stm32f7xx_hal.o
                0x0000000008000ee8                HAL_InitTick
 .text.HAL_IncTick
                0x0000000008000f48       0x28 ./Drivers/STM32F7xx_HAL_Driver/stm32f7xx_hal.o
                0x0000000008000f48                HAL_IncTick
 .text.HAL_GetTick
                0x0000000008000f70       0x18 ./Drivers/STM32F7xx_HAL_Driver/stm32f7xx_hal.o
                0x0000000008000f70                HAL_GetTick
 .text.HAL_Delay
                0x0000000008000f88       0x48 ./Drivers/STM32F7xx_HAL_Driver/stm32f7xx_hal.o
                0x0000000008000f88                HAL_Delay
 .text.__NVIC_SetPriorityGrouping
                0x0000000008000fd0       0x48 ./Drivers/STM32F7xx_HAL_Driver/stm32f7xx_hal_cortex.o
 .text.__NVIC_GetPriorityGrouping
                0x0000000008001018       0x1c ./Drivers/STM32F7xx_HAL_Driver/stm32f7xx_hal_cortex.o
 .text.__NVIC_SetPriority
                0x0000000008001034       0x54 ./Drivers/STM32F7xx_HAL_Driver/stm32f7xx_hal_cortex.o
 .text.NVIC_EncodePriority
                0x0000000008001088       0x66 ./Drivers/STM32F7xx_HAL_Driver/stm32f7xx_hal_cortex.o
 *fill*         0x00000000080010ee        0x2 
 .text.SysTick_Config
                0x00000000080010f0       0x44 ./Drivers/STM32F7xx_HAL_Driver/stm32f7xx_hal_cortex.o
 .text.HAL_NVIC_SetPriorityGrouping
                0x0000000008001134       0x16 ./Drivers/STM32F7xx_HAL_Driver/stm32f7xx_hal_cortex.o
                0x0000000008001134                HAL_NVIC_SetPriorityGrouping
 .text.HAL_NVIC_SetPriority
                0x000000000800114a       0x38 ./Drivers/STM32F7xx_HAL_Driver/stm32f7xx_hal_cortex.o
                0x000000000800114a                HAL_NVIC_SetPriority
 .text.HAL_SYSTICK_Config
                0x0000000008001182       0x18 ./Drivers/STM32F7xx_HAL_Driver/stm32f7xx_hal_cortex.o
                0x0000000008001182                HAL_SYSTICK_Config
 *fill*         0x000000000800119a        0x2 
 .text.HAL_ETH_Init
                0x000000000800119c       0xf8 ./Drivers/STM32F7xx_HAL_Driver/stm32f7xx_hal_eth.o
                0x000000000800119c                HAL_ETH_Init
 .text.ETH_SetMACConfig
                0x0000000008001294      0x160 ./Drivers/STM32F7xx_HAL_Driver/stm32f7xx_hal_eth.o
 .text.ETH_SetDMAConfig
                0x00000000080013f4      0x114 ./Drivers/STM32F7xx_HAL_Driver/stm32f7xx_hal_eth.o
 .text.ETH_MACDMAConfig
                0x0000000008001508       0xe4 ./Drivers/STM32F7xx_HAL_Driver/stm32f7xx_hal_eth.o
 .text.ETH_MACAddressConfig
                0x00000000080015ec       0x70 ./Drivers/STM32F7xx_HAL_Driver/stm32f7xx_hal_eth.o
 .text.ETH_DMATxDescListInit
                0x000000000800165c       0xb2 ./Drivers/STM32F7xx_HAL_Driver/stm32f7xx_hal_eth.o
 .text.ETH_DMARxDescListInit
                0x000000000800170e       0xda ./Drivers/STM32F7xx_HAL_Driver/stm32f7xx_hal_eth.o
 .text.HAL_GPIO_Init
                0x00000000080017e8      0x358 ./Drivers/STM32F7xx_HAL_Driver/stm32f7xx_hal_gpio.o
                0x00000000080017e8                HAL_GPIO_Init
 .text.HAL_GPIO_WritePin
                0x0000000008001b40       0x32 ./Drivers/STM32F7xx_HAL_Driver/stm32f7xx_hal_gpio.o
                0x0000000008001b40                HAL_GPIO_WritePin
 .text.HAL_GPIO_TogglePin
                0x0000000008001b72       0x34 ./Drivers/STM32F7xx_HAL_Driver/stm32f7xx_hal_gpio.o
                0x0000000008001b72                HAL_GPIO_TogglePin
 .text.HAL_PCD_Init
                0x0000000008001ba6      0x248 ./Drivers/STM32F7xx_HAL_Driver/stm32f7xx_hal_pcd.o
                0x0000000008001ba6                HAL_PCD_Init
 *fill*         0x0000000008001dee        0x2 
 .text.HAL_PCDEx_ActivateLPM
                0x0000000008001df0       0x48 ./Drivers/STM32F7xx_HAL_Driver/stm32f7xx_hal_pcd_ex.o
                0x0000000008001df0                HAL_PCDEx_ActivateLPM
 .text.HAL_PWR_EnableBkUpAccess
                0x0000000008001e38       0x20 ./Drivers/STM32F7xx_HAL_Driver/stm32f7xx_hal_pwr.o
                0x0000000008001e38                HAL_PWR_EnableBkUpAccess
 .text.HAL_RCC_OscConfig
                0x0000000008001e58      0x548 ./Drivers/STM32F7xx_HAL_Driver/stm32f7xx_hal_rcc.o
                0x0000000008001e58                HAL_RCC_OscConfig
 .text.HAL_RCC_ClockConfig
                0x00000000080023a0      0x1d8 ./Drivers/STM32F7xx_HAL_Driver/stm32f7xx_hal_rcc.o
                0x00000000080023a0                HAL_RCC_ClockConfig
 .text.HAL_RCC_GetSysClockFreq
                0x0000000008002578      0x20c ./Drivers/STM32F7xx_HAL_Driver/stm32f7xx_hal_rcc.o
                0x0000000008002578                HAL_RCC_GetSysClockFreq
 .text.HAL_RCC_GetHCLKFreq
                0x0000000008002784       0x18 ./Drivers/STM32F7xx_HAL_Driver/stm32f7xx_hal_rcc.o
                0x0000000008002784                HAL_RCC_GetHCLKFreq
 .text.HAL_RCC_GetPCLK1Freq
                0x000000000800279c       0x28 ./Drivers/STM32F7xx_HAL_Driver/stm32f7xx_hal_rcc.o
                0x000000000800279c                HAL_RCC_GetPCLK1Freq
 .text.HAL_RCC_GetPCLK2Freq
                0x00000000080027c4       0x28 ./Drivers/STM32F7xx_HAL_Driver/stm32f7xx_hal_rcc.o
                0x00000000080027c4                HAL_RCC_GetPCLK2Freq
 .text.HAL_RCCEx_PeriphCLKConfig
                0x00000000080027ec      0x7e0 ./Drivers/STM32F7xx_HAL_Driver/stm32f7xx_hal_rcc_ex.o
                0x00000000080027ec                HAL_RCCEx_PeriphCLKConfig
 .text.HAL_TIM_Base_Init
                0x0000000008002fcc       0xae ./Drivers/STM32F7xx_HAL_Driver/stm32f7xx_hal_tim.o
                0x0000000008002fcc                HAL_TIM_Base_Init
 *fill*         0x000000000800307a        0x2 
 .text.TIM_Base_SetConfig
                0x000000000800307c      0x140 ./Drivers/STM32F7xx_HAL_Driver/stm32f7xx_hal_tim.o
                0x000000000800307c                TIM_Base_SetConfig
 .text.HAL_TIMEx_MasterConfigSynchronization
                0x00000000080031bc      0x11c ./Drivers/STM32F7xx_HAL_Driver/stm32f7xx_hal_tim_ex.o
                0x00000000080031bc                HAL_TIMEx_MasterConfigSynchronization
 .text.HAL_UART_Init
                0x00000000080032d8       0x9c ./Drivers/STM32F7xx_HAL_Driver/stm32f7xx_hal_uart.o
                0x00000000080032d8                HAL_UART_Init
 .text.HAL_UART_Transmit
                0x0000000008003374      0x106 ./Drivers/STM32F7xx_HAL_Driver/stm32f7xx_hal_uart.o
                0x0000000008003374                HAL_UART_Transmit
 *fill*         0x000000000800347a        0x2 
 .text.UART_SetConfig
                0x000000000800347c      0x4c8 ./Drivers/STM32F7xx_HAL_Driver/stm32f7xx_hal_uart.o
                0x000000000800347c                UART_SetConfig
 .text.UART_AdvFeatureConfig
                0x0000000008003944      0x144 ./Drivers/STM32F7xx_HAL_Driver/stm32f7xx_hal_uart.o
                0x0000000008003944                UART_AdvFeatureConfig
 .text.UART_CheckIdleState
                0x0000000008003a88       0x6e ./Drivers/STM32F7xx_HAL_Driver/stm32f7xx_hal_uart.o
                0x0000000008003a88                UART_CheckIdleState
 .text.UART_WaitOnFlagUntilTimeout
                0x0000000008003af6      0x18c ./Drivers/STM32F7xx_HAL_Driver/stm32f7xx_hal_uart.o
                0x0000000008003af6                UART_WaitOnFlagUntilTimeout
 *fill*         0x0000000008003c82        0x2 
 .text.USB_CoreInit
                0x0000000008003c84       0xb0 ./Drivers/STM32F7xx_HAL_Driver/stm32f7xx_ll_usb.o
                0x0000000008003c84                USB_CoreInit
 .text.USB_DisableGlobalInt
                0x0000000008003d34       0x22 ./Drivers/STM32F7xx_HAL_Driver/stm32f7xx_ll_usb.o
                0x0000000008003d34                USB_DisableGlobalInt
 .text.USB_SetCurrentMode
                0x0000000008003d56       0x98 ./Drivers/STM32F7xx_HAL_Driver/stm32f7xx_ll_usb.o
                0x0000000008003d56                USB_SetCurrentMode
 *fill*         0x0000000008003dee        0x2 
 .text.USB_DevInit
                0x0000000008003df0      0x2bc ./Drivers/STM32F7xx_HAL_Driver/stm32f7xx_ll_usb.o
                0x0000000008003df0                USB_DevInit
 .text.USB_FlushTxFifo
                0x00000000080040ac       0x68 ./Drivers/STM32F7xx_HAL_Driver/stm32f7xx_ll_usb.o
                0x00000000080040ac                USB_FlushTxFifo
 .text.USB_FlushRxFifo
                0x0000000008004114       0x60 ./Drivers/STM32F7xx_HAL_Driver/stm32f7xx_ll_usb.o
                0x0000000008004114                USB_FlushRxFifo
 .text.USB_SetDevSpeed
                0x0000000008004174       0x32 ./Drivers/STM32F7xx_HAL_Driver/stm32f7xx_ll_usb.o
                0x0000000008004174                USB_SetDevSpeed
 .text.USB_DevDisconnect
                0x00000000080041a6       0x42 ./Drivers/STM32F7xx_HAL_Driver/stm32f7xx_ll_usb.o
                0x00000000080041a6                USB_DevDisconnect
 .text.USB_GetMode
                0x00000000080041e8       0x1c ./Drivers/STM32F7xx_HAL_Driver/stm32f7xx_ll_usb.o
                0x00000000080041e8                USB_GetMode
 .text.USB_CoreReset
                0x0000000008004204       0x68 ./Drivers/STM32F7xx_HAL_Driver/stm32f7xx_ll_usb.o
 .text.__io_putchar
                0x000000000800426c       0x24 ./user/retarget.o
                0x000000000800426c                __io_putchar
 .text.usermain
                0x0000000008004290       0x28 ./user/usermain.o
                0x0000000008004290                usermain
 .text.std      0x00000000080042b8       0x6c C:/ST/STM32CubeIDE_1.14.1/STM32CubeIDE/plugins/com.st.stm32cube.ide.mcu.externaltools.gnu-tools-for-stm32.11.3.rel1.win32_1.1.100.202309141235/tools/bin/../lib/gcc/arm-none-eabi/11.3.1/../../../../arm-none-eabi/lib/thumb/v7e-m+fp/hard\libc_nano.a(libc_a-findfp.o)
 .text.stdio_exit_handler
                0x0000000008004324       0x18 C:/ST/STM32CubeIDE_1.14.1/STM32CubeIDE/plugins/com.st.stm32cube.ide.mcu.externaltools.gnu-tools-for-stm32.11.3.rel1.win32_1.1.100.202309141235/tools/bin/../lib/gcc/arm-none-eabi/11.3.1/../../../../arm-none-eabi/lib/thumb/v7e-m+fp/hard\libc_nano.a(libc_a-findfp.o)
 .text.cleanup_stdio
                0x000000000800433c       0x40 C:/ST/STM32CubeIDE_1.14.1/STM32CubeIDE/plugins/com.st.stm32cube.ide.mcu.externaltools.gnu-tools-for-stm32.11.3.rel1.win32_1.1.100.202309141235/tools/bin/../lib/gcc/arm-none-eabi/11.3.1/../../../../arm-none-eabi/lib/thumb/v7e-m+fp/hard\libc_nano.a(libc_a-findfp.o)
 .text.global_stdio_init.part.0
                0x000000000800437c       0x3c C:/ST/STM32CubeIDE_1.14.1/STM32CubeIDE/plugins/com.st.stm32cube.ide.mcu.externaltools.gnu-tools-for-stm32.11.3.rel1.win32_1.1.100.202309141235/tools/bin/../lib/gcc/arm-none-eabi/11.3.1/../../../../arm-none-eabi/lib/thumb/v7e-m+fp/hard\libc_nano.a(libc_a-findfp.o)
 .text.__sfp_lock_acquire
                0x00000000080043b8        0xc C:/ST/STM32CubeIDE_1.14.1/STM32CubeIDE/plugins/com.st.stm32cube.ide.mcu.externaltools.gnu-tools-for-stm32.11.3.rel1.win32_1.1.100.202309141235/tools/bin/../lib/gcc/arm-none-eabi/11.3.1/../../../../arm-none-eabi/lib/thumb/v7e-m+fp/hard\libc_nano.a(libc_a-findfp.o)
                0x00000000080043b8                __sfp_lock_acquire
 .text.__sfp_lock_release
                0x00000000080043c4        0xc C:/ST/STM32CubeIDE_1.14.1/STM32CubeIDE/plugins/com.st.stm32cube.ide.mcu.externaltools.gnu-tools-for-stm32.11.3.rel1.win32_1.1.100.202309141235/tools/bin/../lib/gcc/arm-none-eabi/11.3.1/../../../../arm-none-eabi/lib/thumb/v7e-m+fp/hard\libc_nano.a(libc_a-findfp.o)
                0x00000000080043c4                __sfp_lock_release
 .text.__sinit  0x00000000080043d0       0x30 C:/ST/STM32CubeIDE_1.14.1/STM32CubeIDE/plugins/com.st.stm32cube.ide.mcu.externaltools.gnu-tools-for-stm32.11.3.rel1.win32_1.1.100.202309141235/tools/bin/../lib/gcc/arm-none-eabi/11.3.1/../../../../arm-none-eabi/lib/thumb/v7e-m+fp/hard\libc_nano.a(libc_a-findfp.o)
                0x00000000080043d0                __sinit
 .text._fwalk_sglue
                0x0000000008004400       0x3c C:/ST/STM32CubeIDE_1.14.1/STM32CubeIDE/plugins/com.st.stm32cube.ide.mcu.externaltools.gnu-tools-for-stm32.11.3.rel1.win32_1.1.100.202309141235/tools/bin/../lib/gcc/arm-none-eabi/11.3.1/../../../../arm-none-eabi/lib/thumb/v7e-m+fp/hard\libc_nano.a(libc_a-fwalk.o)
                0x0000000008004400                _fwalk_sglue
 .text._puts_r  0x000000000800443c       0xa8 C:/ST/STM32CubeIDE_1.14.1/STM32CubeIDE/plugins/com.st.stm32cube.ide.mcu.externaltools.gnu-tools-for-stm32.11.3.rel1.win32_1.1.100.202309141235/tools/bin/../lib/gcc/arm-none-eabi/11.3.1/../../../../arm-none-eabi/lib/thumb/v7e-m+fp/hard\libc_nano.a(libc_a-puts.o)
                0x000000000800443c                _puts_r
 .text.puts     0x00000000080044e4       0x10 C:/ST/STM32CubeIDE_1.14.1/STM32CubeIDE/plugins/com.st.stm32cube.ide.mcu.externaltools.gnu-tools-for-stm32.11.3.rel1.win32_1.1.100.202309141235/tools/bin/../lib/gcc/arm-none-eabi/11.3.1/../../../../arm-none-eabi/lib/thumb/v7e-m+fp/hard\libc_nano.a(libc_a-puts.o)
                0x00000000080044e4                puts
 .text.__sread  0x00000000080044f4       0x22 C:/ST/STM32CubeIDE_1.14.1/STM32CubeIDE/plugins/com.st.stm32cube.ide.mcu.externaltools.gnu-tools-for-stm32.11.3.rel1.win32_1.1.100.202309141235/tools/bin/../lib/gcc/arm-none-eabi/11.3.1/../../../../arm-none-eabi/lib/thumb/v7e-m+fp/hard\libc_nano.a(libc_a-stdio.o)
                0x00000000080044f4                __sread
 .text.__swrite
                0x0000000008004516       0x38 C:/ST/STM32CubeIDE_1.14.1/STM32CubeIDE/plugins/com.st.stm32cube.ide.mcu.externaltools.gnu-tools-for-stm32.11.3.rel1.win32_1.1.100.202309141235/tools/bin/../lib/gcc/arm-none-eabi/11.3.1/../../../../arm-none-eabi/lib/thumb/v7e-m+fp/hard\libc_nano.a(libc_a-stdio.o)
                0x0000000008004516                __swrite
 .text.__sseek  0x000000000800454e       0x24 C:/ST/STM32CubeIDE_1.14.1/STM32CubeIDE/plugins/com.st.stm32cube.ide.mcu.externaltools.gnu-tools-for-stm32.11.3.rel1.win32_1.1.100.202309141235/tools/bin/../lib/gcc/arm-none-eabi/11.3.1/../../../../arm-none-eabi/lib/thumb/v7e-m+fp/hard\libc_nano.a(libc_a-stdio.o)
                0x000000000800454e                __sseek
 .text.__sclose
                0x0000000008004572        0x8 C:/ST/STM32CubeIDE_1.14.1/STM32CubeIDE/plugins/com.st.stm32cube.ide.mcu.externaltools.gnu-tools-for-stm32.11.3.rel1.win32_1.1.100.202309141235/tools/bin/../lib/gcc/arm-none-eabi/11.3.1/../../../../arm-none-eabi/lib/thumb/v7e-m+fp/hard\libc_nano.a(libc_a-stdio.o)
                0x0000000008004572                __sclose
 .text.__swbuf_r
                0x000000000800457a       0x7a C:/ST/STM32CubeIDE_1.14.1/STM32CubeIDE/plugins/com.st.stm32cube.ide.mcu.externaltools.gnu-tools-for-stm32.11.3.rel1.win32_1.1.100.202309141235/tools/bin/../lib/gcc/arm-none-eabi/11.3.1/../../../../arm-none-eabi/lib/thumb/v7e-m+fp/hard\libc_nano.a(libc_a-wbuf.o)
                0x000000000800457a                __swbuf_r
 .text.__swsetup_r
                0x00000000080045f4       0xb0 C:/ST/STM32CubeIDE_1.14.1/STM32CubeIDE/plugins/com.st.stm32cube.ide.mcu.externaltools.gnu-tools-for-stm32.11.3.rel1.win32_1.1.100.202309141235/tools/bin/../lib/gcc/arm-none-eabi/11.3.1/../../../../arm-none-eabi/lib/thumb/v7e-m+fp/hard\libc_nano.a(libc_a-wsetup.o)
                0x00000000080045f4                __swsetup_r
 .text.memset   0x00000000080046a4       0x10 C:/ST/STM32CubeIDE_1.14.1/STM32CubeIDE/plugins/com.st.stm32cube.ide.mcu.externaltools.gnu-tools-for-stm32.11.3.rel1.win32_1.1.100.202309141235/tools/bin/../lib/gcc/arm-none-eabi/11.3.1/../../../../arm-none-eabi/lib/thumb/v7e-m+fp/hard\libc_nano.a(libc_a-memset.o)
                0x00000000080046a4                memset
 .text._close_r
                0x00000000080046b4       0x20 C:/ST/STM32CubeIDE_1.14.1/STM32CubeIDE/plugins/com.st.stm32cube.ide.mcu.externaltools.gnu-tools-for-stm32.11.3.rel1.win32_1.1.100.202309141235/tools/bin/../lib/gcc/arm-none-eabi/11.3.1/../../../../arm-none-eabi/lib/thumb/v7e-m+fp/hard\libc_nano.a(libc_a-closer.o)
                0x00000000080046b4                _close_r
 .text._lseek_r
                0x00000000080046d4       0x24 C:/ST/STM32CubeIDE_1.14.1/STM32CubeIDE/plugins/com.st.stm32cube.ide.mcu.externaltools.gnu-tools-for-stm32.11.3.rel1.win32_1.1.100.202309141235/tools/bin/../lib/gcc/arm-none-eabi/11.3.1/../../../../arm-none-eabi/lib/thumb/v7e-m+fp/hard\libc_nano.a(libc_a-lseekr.o)
                0x00000000080046d4                _lseek_r
 .text._read_r  0x00000000080046f8       0x24 C:/ST/STM32CubeIDE_1.14.1/STM32CubeIDE/plugins/com.st.stm32cube.ide.mcu.externaltools.gnu-tools-for-stm32.11.3.rel1.win32_1.1.100.202309141235/tools/bin/../lib/gcc/arm-none-eabi/11.3.1/../../../../arm-none-eabi/lib/thumb/v7e-m+fp/hard\libc_nano.a(libc_a-readr.o)
                0x00000000080046f8                _read_r
 .text._write_r
                0x000000000800471c       0x24 C:/ST/STM32CubeIDE_1.14.1/STM32CubeIDE/plugins/com.st.stm32cube.ide.mcu.externaltools.gnu-tools-for-stm32.11.3.rel1.win32_1.1.100.202309141235/tools/bin/../lib/gcc/arm-none-eabi/11.3.1/../../../../arm-none-eabi/lib/thumb/v7e-m+fp/hard\libc_nano.a(libc_a-writer.o)
                0x000000000800471c                _write_r
 .text.__errno  0x0000000008004740        0xc C:/ST/STM32CubeIDE_1.14.1/STM32CubeIDE/plugins/com.st.stm32cube.ide.mcu.externaltools.gnu-tools-for-stm32.11.3.rel1.win32_1.1.100.202309141235/tools/bin/../lib/gcc/arm-none-eabi/11.3.1/../../../../arm-none-eabi/lib/thumb/v7e-m+fp/hard\libc_nano.a(libc_a-errno.o)
                0x0000000008004740                __errno
 .text.__libc_init_array
                0x000000000800474c       0x48 C:/ST/STM32CubeIDE_1.14.1/STM32CubeIDE/plugins/com.st.stm32cube.ide.mcu.externaltools.gnu-tools-for-stm32.11.3.rel1.win32_1.1.100.202309141235/tools/bin/../lib/gcc/arm-none-eabi/11.3.1/../../../../arm-none-eabi/lib/thumb/v7e-m+fp/hard\libc_nano.a(libc_a-init.o)
                0x000000000800474c                __libc_init_array
 .text.__retarget_lock_init_recursive
                0x0000000008004794        0x2 C:/ST/STM32CubeIDE_1.14.1/STM32CubeIDE/plugins/com.st.stm32cube.ide.mcu.externaltools.gnu-tools-for-stm32.11.3.rel1.win32_1.1.100.202309141235/tools/bin/../lib/gcc/arm-none-eabi/11.3.1/../../../../arm-none-eabi/lib/thumb/v7e-m+fp/hard\libc_nano.a(libc_a-lock.o)
                0x0000000008004794                __retarget_lock_init_recursive
 .text.__retarget_lock_acquire_recursive
                0x0000000008004796        0x2 C:/ST/STM32CubeIDE_1.14.1/STM32CubeIDE/plugins/com.st.stm32cube.ide.mcu.externaltools.gnu-tools-for-stm32.11.3.rel1.win32_1.1.100.202309141235/tools/bin/../lib/gcc/arm-none-eabi/11.3.1/../../../../arm-none-eabi/lib/thumb/v7e-m+fp/hard\libc_nano.a(libc_a-lock.o)
                0x0000000008004796                __retarget_lock_acquire_recursive
 .text.__retarget_lock_release_recursive
                0x0000000008004798        0x2 C:/ST/STM32CubeIDE_1.14.1/STM32CubeIDE/plugins/com.st.stm32cube.ide.mcu.externaltools.gnu-tools-for-stm32.11.3.rel1.win32_1.1.100.202309141235/tools/bin/../lib/gcc/arm-none-eabi/11.3.1/../../../../arm-none-eabi/lib/thumb/v7e-m+fp/hard\libc_nano.a(libc_a-lock.o)
                0x0000000008004798                __retarget_lock_release_recursive
 *fill*         0x000000000800479a        0x2 
 .text._free_r  0x000000000800479c       0x98 C:/ST/STM32CubeIDE_1.14.1/STM32CubeIDE/plugins/com.st.stm32cube.ide.mcu.externaltools.gnu-tools-for-stm32.11.3.rel1.win32_1.1.100.202309141235/tools/bin/../lib/gcc/arm-none-eabi/11.3.1/../../../../arm-none-eabi/lib/thumb/v7e-m+fp/hard\libc_nano.a(libc_a-freer.o)
                0x000000000800479c                _free_r
 .text.sbrk_aligned
                0x0000000008004834       0x40 C:/ST/STM32CubeIDE_1.14.1/STM32CubeIDE/plugins/com.st.stm32cube.ide.mcu.externaltools.gnu-tools-for-stm32.11.3.rel1.win32_1.1.100.202309141235/tools/bin/../lib/gcc/arm-none-eabi/11.3.1/../../../../arm-none-eabi/lib/thumb/v7e-m+fp/hard\libc_nano.a(libc_a-mallocr.o)
 .text._malloc_r
                0x0000000008004874      0x100 C:/ST/STM32CubeIDE_1.14.1/STM32CubeIDE/plugins/com.st.stm32cube.ide.mcu.externaltools.gnu-tools-for-stm32.11.3.rel1.win32_1.1.100.202309141235/tools/bin/../lib/gcc/arm-none-eabi/11.3.1/../../../../arm-none-eabi/lib/thumb/v7e-m+fp/hard\libc_nano.a(libc_a-mallocr.o)
                0x0000000008004874                _malloc_r
 .text.__malloc_lock
                0x0000000008004974        0xc C:/ST/STM32CubeIDE_1.14.1/STM32CubeIDE/plugins/com.st.stm32cube.ide.mcu.externaltools.gnu-tools-for-stm32.11.3.rel1.win32_1.1.100.202309141235/tools/bin/../lib/gcc/arm-none-eabi/11.3.1/../../../../arm-none-eabi/lib/thumb/v7e-m+fp/hard\libc_nano.a(libc_a-mlock.o)
                0x0000000008004974                __malloc_lock
 .text.__malloc_unlock
                0x0000000008004980        0xc C:/ST/STM32CubeIDE_1.14.1/STM32CubeIDE/plugins/com.st.stm32cube.ide.mcu.externaltools.gnu-tools-for-stm32.11.3.rel1.win32_1.1.100.202309141235/tools/bin/../lib/gcc/arm-none-eabi/11.3.1/../../../../arm-none-eabi/lib/thumb/v7e-m+fp/hard\libc_nano.a(libc_a-mlock.o)
                0x0000000008004980                __malloc_unlock
 .text.__sflush_r
                0x000000000800498c      0x10c C:/ST/STM32CubeIDE_1.14.1/STM32CubeIDE/plugins/com.st.stm32cube.ide.mcu.externaltools.gnu-tools-for-stm32.11.3.rel1.win32_1.1.100.202309141235/tools/bin/../lib/gcc/arm-none-eabi/11.3.1/../../../../arm-none-eabi/lib/thumb/v7e-m+fp/hard\libc_nano.a(libc_a-fflush.o)
                0x000000000800498c                __sflush_r
 .text._fflush_r
                0x0000000008004a98       0x50 C:/ST/STM32CubeIDE_1.14.1/STM32CubeIDE/plugins/com.st.stm32cube.ide.mcu.externaltools.gnu-tools-for-stm32.11.3.rel1.win32_1.1.100.202309141235/tools/bin/../lib/gcc/arm-none-eabi/11.3.1/../../../../arm-none-eabi/lib/thumb/v7e-m+fp/hard\libc_nano.a(libc_a-fflush.o)
                0x0000000008004a98                _fflush_r
 .text.__swhatbuf_r
                0x0000000008004ae8       0x4c C:/ST/STM32CubeIDE_1.14.1/STM32CubeIDE/plugins/com.st.stm32cube.ide.mcu.externaltools.gnu-tools-for-stm32.11.3.rel1.win32_1.1.100.202309141235/tools/bin/../lib/gcc/arm-none-eabi/11.3.1/../../../../arm-none-eabi/lib/thumb/v7e-m+fp/hard\libc_nano.a(libc_a-makebuf.o)
                0x0000000008004ae8                __swhatbuf_r
 .text.__smakebuf_r
                0x0000000008004b34       0x78 C:/ST/STM32CubeIDE_1.14.1/STM32CubeIDE/plugins/com.st.stm32cube.ide.mcu.externaltools.gnu-tools-for-stm32.11.3.rel1.win32_1.1.100.202309141235/tools/bin/../lib/gcc/arm-none-eabi/11.3.1/../../../../arm-none-eabi/lib/thumb/v7e-m+fp/hard\libc_nano.a(libc_a-makebuf.o)
                0x0000000008004b34                __smakebuf_r
 .text._fstat_r
                0x0000000008004bac       0x24 C:/ST/STM32CubeIDE_1.14.1/STM32CubeIDE/plugins/com.st.stm32cube.ide.mcu.externaltools.gnu-tools-for-stm32.11.3.rel1.win32_1.1.100.202309141235/tools/bin/../lib/gcc/arm-none-eabi/11.3.1/../../../../arm-none-eabi/lib/thumb/v7e-m+fp/hard\libc_nano.a(libc_a-fstatr.o)
                0x0000000008004bac                _fstat_r
 .text._isatty_r
                0x0000000008004bd0       0x20 C:/ST/STM32CubeIDE_1.14.1/STM32CubeIDE/plugins/com.st.stm32cube.ide.mcu.externaltools.gnu-tools-for-stm32.11.3.rel1.win32_1.1.100.202309141235/tools/bin/../lib/gcc/arm-none-eabi/11.3.1/../../../../arm-none-eabi/lib/thumb/v7e-m+fp/hard\libc_nano.a(libc_a-isattyr.o)
                0x0000000008004bd0                _isatty_r
 .text._sbrk_r  0x0000000008004bf0       0x20 C:/ST/STM32CubeIDE_1.14.1/STM32CubeIDE/plugins/com.st.stm32cube.ide.mcu.externaltools.gnu-tools-for-stm32.11.3.rel1.win32_1.1.100.202309141235/tools/bin/../lib/gcc/arm-none-eabi/11.3.1/../../../../arm-none-eabi/lib/thumb/v7e-m+fp/hard\libc_nano.a(libc_a-sbrkr.o)
                0x0000000008004bf0                _sbrk_r
 *(.glue_7)
 .glue_7        0x0000000008004c10        0x0 linker stubs
 *(.glue_7t)
 .glue_7t       0x0000000008004c10        0x0 linker stubs
 *(.eh_frame)
 .eh_frame      0x0000000008004c10        0x0 C:/ST/STM32CubeIDE_1.14.1/STM32CubeIDE/plugins/com.st.stm32cube.ide.mcu.externaltools.gnu-tools-for-stm32.11.3.rel1.win32_1.1.100.202309141235/tools/bin/../lib/gcc/arm-none-eabi/11.3.1/thumb/v7e-m+fp/hard/crtbegin.o
 *(.init)
 .init          0x0000000008004c10        0x4 C:/ST/STM32CubeIDE_1.14.1/STM32CubeIDE/plugins/com.st.stm32cube.ide.mcu.externaltools.gnu-tools-for-stm32.11.3.rel1.win32_1.1.100.202309141235/tools/bin/../lib/gcc/arm-none-eabi/11.3.1/thumb/v7e-m+fp/hard/crti.o
                0x0000000008004c10                _init
 .init          0x0000000008004c14        0x8 C:/ST/STM32CubeIDE_1.14.1/STM32CubeIDE/plugins/com.st.stm32cube.ide.mcu.externaltools.gnu-tools-for-stm32.11.3.rel1.win32_1.1.100.202309141235/tools/bin/../lib/gcc/arm-none-eabi/11.3.1/thumb/v7e-m+fp/hard/crtn.o
 *(.fini)
 .fini          0x0000000008004c1c        0x4 C:/ST/STM32CubeIDE_1.14.1/STM32CubeIDE/plugins/com.st.stm32cube.ide.mcu.externaltools.gnu-tools-for-stm32.11.3.rel1.win32_1.1.100.202309141235/tools/bin/../lib/gcc/arm-none-eabi/11.3.1/thumb/v7e-m+fp/hard/crti.o
                0x0000000008004c1c                _fini
 .fini          0x0000000008004c20        0x8 C:/ST/STM32CubeIDE_1.14.1/STM32CubeIDE/plugins/com.st.stm32cube.ide.mcu.externaltools.gnu-tools-for-stm32.11.3.rel1.win32_1.1.100.202309141235/tools/bin/../lib/gcc/arm-none-eabi/11.3.1/thumb/v7e-m+fp/hard/crtn.o
                0x0000000008004c28                . = ALIGN (0x4)
                0x0000000008004c28                _etext = .

.vfp11_veneer   0x0000000008004c28        0x0
 .vfp11_veneer  0x0000000008004c28        0x0 linker stubs

.v4_bx          0x0000000008004c28        0x0
 .v4_bx         0x0000000008004c28        0x0 linker stubs

.iplt           0x0000000008004c28        0x0
 .iplt          0x0000000008004c28        0x0 C:/ST/STM32CubeIDE_1.14.1/STM32CubeIDE/plugins/com.st.stm32cube.ide.mcu.externaltools.gnu-tools-for-stm32.11.3.rel1.win32_1.1.100.202309141235/tools/bin/../lib/gcc/arm-none-eabi/11.3.1/thumb/v7e-m+fp/hard/crtbegin.o

.rodata         0x0000000008004c28       0x20
                0x0000000008004c28                . = ALIGN (0x4)
 *(.rodata)
 .rodata        0x0000000008004c28        0x7 ./user/usermain.o
 *(.rodata*)
 *fill*         0x0000000008004c2f        0x1 
 .rodata.AHBPrescTable
                0x0000000008004c30       0x10 ./Core/Src/system_stm32f7xx.o
                0x0000000008004c30                AHBPrescTable
 .rodata.APBPrescTable
                0x0000000008004c40        0x8 ./Core/Src/system_stm32f7xx.o
                0x0000000008004c40                APBPrescTable
                0x0000000008004c48                . = ALIGN (0x4)

.ARM.extab      0x0000000008004c48        0x0
                0x0000000008004c48                . = ALIGN (0x4)
 *(.ARM.extab* .gnu.linkonce.armextab.*)
                0x0000000008004c48                . = ALIGN (0x4)

.ARM            0x0000000008004c48        0x8
                0x0000000008004c48                . = ALIGN (0x4)
                0x0000000008004c48                __exidx_start = .
 *(.ARM.exidx*)
 .ARM.exidx     0x0000000008004c48        0x8 C:/ST/STM32CubeIDE_1.14.1/STM32CubeIDE/plugins/com.st.stm32cube.ide.mcu.externaltools.gnu-tools-for-stm32.11.3.rel1.win32_1.1.100.202309141235/tools/bin/../lib/gcc/arm-none-eabi/11.3.1/thumb/v7e-m+fp/hard\libgcc.a(_udivmoddi4.o)
                0x0000000008004c50                __exidx_end = .
                0x0000000008004c50                . = ALIGN (0x4)

.rel.dyn        0x0000000008004c50        0x0
 .rel.iplt      0x0000000008004c50        0x0 C:/ST/STM32CubeIDE_1.14.1/STM32CubeIDE/plugins/com.st.stm32cube.ide.mcu.externaltools.gnu-tools-for-stm32.11.3.rel1.win32_1.1.100.202309141235/tools/bin/../lib/gcc/arm-none-eabi/11.3.1/thumb/v7e-m+fp/hard/crtbegin.o

.preinit_array  0x0000000008004c50        0x0
                0x0000000008004c50                . = ALIGN (0x4)
                0x0000000008004c50                PROVIDE (__preinit_array_start = .)
 *(.preinit_array*)
                0x0000000008004c50                PROVIDE (__preinit_array_end = .)
                0x0000000008004c50                . = ALIGN (0x4)

.init_array     0x0000000008004c50        0x4
                0x0000000008004c50                . = ALIGN (0x4)
                0x0000000008004c50                PROVIDE (__init_array_start = .)
 *(SORT_BY_NAME(.init_array.*))
 *(.init_array*)
 .init_array    0x0000000008004c50        0x4 C:/ST/STM32CubeIDE_1.14.1/STM32CubeIDE/plugins/com.st.stm32cube.ide.mcu.externaltools.gnu-tools-for-stm32.11.3.rel1.win32_1.1.100.202309141235/tools/bin/../lib/gcc/arm-none-eabi/11.3.1/thumb/v7e-m+fp/hard/crtbegin.o
                0x0000000008004c54                PROVIDE (__init_array_end = .)
                0x0000000008004c54                . = ALIGN (0x4)

.fini_array     0x0000000008004c54        0x4
                0x0000000008004c54                . = ALIGN (0x4)
                [!provide]                        PROVIDE (__fini_array_start = .)
 *(SORT_BY_NAME(.fini_array.*))
 *(.fini_array*)
 .fini_array    0x0000000008004c54        0x4 C:/ST/STM32CubeIDE_1.14.1/STM32CubeIDE/plugins/com.st.stm32cube.ide.mcu.externaltools.gnu-tools-for-stm32.11.3.rel1.win32_1.1.100.202309141235/tools/bin/../lib/gcc/arm-none-eabi/11.3.1/thumb/v7e-m+fp/hard/crtbegin.o
                [!provide]                        PROVIDE (__fini_array_end = .)
                0x0000000008004c58                . = ALIGN (0x4)
                0x0000000008004c58                _sidata = LOADADDR (.data)

.data           0x0000000020000000       0x68 load address 0x0000000008004c58
                0x0000000020000000                . = ALIGN (0x4)
                0x0000000020000000                _sdata = .
 *(.data)
 *(.data*)
 .data.SystemCoreClock
                0x0000000020000000        0x4 ./Core/Src/system_stm32f7xx.o
                0x0000000020000000                SystemCoreClock
 .data.uwTickPrio
                0x0000000020000004        0x4 ./Drivers/STM32F7xx_HAL_Driver/stm32f7xx_hal.o
                0x0000000020000004                uwTickPrio
 .data.uwTickFreq
                0x0000000020000008        0x1 ./Drivers/STM32F7xx_HAL_Driver/stm32f7xx_hal.o
                0x0000000020000008                uwTickFreq
 *fill*         0x0000000020000009        0x3 
 .data.__sglue  0x000000002000000c        0xc C:/ST/STM32CubeIDE_1.14.1/STM32CubeIDE/plugins/com.st.stm32cube.ide.mcu.externaltools.gnu-tools-for-stm32.11.3.rel1.win32_1.1.100.202309141235/tools/bin/../lib/gcc/arm-none-eabi/11.3.1/../../../../arm-none-eabi/lib/thumb/v7e-m+fp/hard\libc_nano.a(libc_a-findfp.o)
                0x000000002000000c                __sglue
 .data._impure_data
                0x0000000020000018       0x4c C:/ST/STM32CubeIDE_1.14.1/STM32CubeIDE/plugins/com.st.stm32cube.ide.mcu.externaltools.gnu-tools-for-stm32.11.3.rel1.win32_1.1.100.202309141235/tools/bin/../lib/gcc/arm-none-eabi/11.3.1/../../../../arm-none-eabi/lib/thumb/v7e-m+fp/hard\libc_nano.a(libc_a-impure.o)
                0x0000000020000018                _impure_data
 .data._impure_ptr
                0x0000000020000064        0x4 C:/ST/STM32CubeIDE_1.14.1/STM32CubeIDE/plugins/com.st.stm32cube.ide.mcu.externaltools.gnu-tools-for-stm32.11.3.rel1.win32_1.1.100.202309141235/tools/bin/../lib/gcc/arm-none-eabi/11.3.1/../../../../arm-none-eabi/lib/thumb/v7e-m+fp/hard\libc_nano.a(libc_a-impure.o)
                0x0000000020000064                _impure_ptr
 *(.RamFunc)
 *(.RamFunc*)
                0x0000000020000068                . = ALIGN (0x4)
                0x0000000020000068                _edata = .

.igot.plt       0x0000000020000068        0x0 load address 0x0000000008004cc0
 .igot.plt      0x0000000020000068        0x0 C:/ST/STM32CubeIDE_1.14.1/STM32CubeIDE/plugins/com.st.stm32cube.ide.mcu.externaltools.gnu-tools-for-stm32.11.3.rel1.win32_1.1.100.202309141235/tools/bin/../lib/gcc/arm-none-eabi/11.3.1/thumb/v7e-m+fp/hard/crtbegin.o

.RxDecripSection
                0x0000000020000068       0xa0 load address 0x0000000008004cc0
 .RxDecripSection
                0x0000000020000068       0xa0 ./Core/Src/eth.o
                0x0000000020000068                DMARxDscrTab

.TxDecripSection
                0x0000000020000108       0xa0 load address 0x0000000008004d60
 .TxDecripSection
                0x0000000020000108       0xa0 ./Core/Src/eth.o
                0x0000000020000108                DMATxDscrTab
                0x00000000200001a8                . = ALIGN (0x4)

.bss            0x00000000200001a8      0x83c load address 0x0000000008004e00
                0x00000000200001a8                _sbss = .
                0x00000000200001a8                __bss_start__ = _sbss
 *(.bss)
 .bss           0x00000000200001a8       0x1c C:/ST/STM32CubeIDE_1.14.1/STM32CubeIDE/plugins/com.st.stm32cube.ide.mcu.externaltools.gnu-tools-for-stm32.11.3.rel1.win32_1.1.100.202309141235/tools/bin/../lib/gcc/arm-none-eabi/11.3.1/thumb/v7e-m+fp/hard/crtbegin.o
 *(.bss*)
 .bss.TxConfig  0x00000000200001c4       0x38 ./Core/Src/eth.o
                0x00000000200001c4                TxConfig
 .bss.heth      0x00000000200001fc       0xb0 ./Core/Src/eth.o
                0x00000000200001fc                heth
 .bss.MACAddr.0
                0x00000000200002ac        0x6 ./Core/Src/eth.o
 *fill*         0x00000000200002b2        0x2 
 .bss.__sbrk_heap_end
                0x00000000200002b4        0x4 ./Core/Src/sysmem.o
 .bss.htim6     0x00000000200002b8       0x4c ./Core/Src/tim.o
                0x00000000200002b8                htim6
 .bss.huart3    0x0000000020000304       0x88 ./Core/Src/usart.o
                0x0000000020000304                huart3
 .bss.hpcd_USB_OTG_FS
                0x000000002000038c      0x508 ./Core/Src/usb_otg.o
                0x000000002000038c                hpcd_USB_OTG_FS
 .bss.uwTick    0x0000000020000894        0x4 ./Drivers/STM32F7xx_HAL_Driver/stm32f7xx_hal.o
                0x0000000020000894                uwTick
 .bss.__sf      0x0000000020000898      0x138 C:/ST/STM32CubeIDE_1.14.1/STM32CubeIDE/plugins/com.st.stm32cube.ide.mcu.externaltools.gnu-tools-for-stm32.11.3.rel1.win32_1.1.100.202309141235/tools/bin/../lib/gcc/arm-none-eabi/11.3.1/../../../../arm-none-eabi/lib/thumb/v7e-m+fp/hard\libc_nano.a(libc_a-findfp.o)
                0x0000000020000898                __sf
 .bss.__stdio_exit_handler
                0x00000000200009d0        0x4 C:/ST/STM32CubeIDE_1.14.1/STM32CubeIDE/plugins/com.st.stm32cube.ide.mcu.externaltools.gnu-tools-for-stm32.11.3.rel1.win32_1.1.100.202309141235/tools/bin/../lib/gcc/arm-none-eabi/11.3.1/../../../../arm-none-eabi/lib/thumb/v7e-m+fp/hard\libc_nano.a(libc_a-findfp.o)
                0x00000000200009d0                __stdio_exit_handler
 .bss.errno     0x00000000200009d4        0x4 C:/ST/STM32CubeIDE_1.14.1/STM32CubeIDE/plugins/com.st.stm32cube.ide.mcu.externaltools.gnu-tools-for-stm32.11.3.rel1.win32_1.1.100.202309141235/tools/bin/../lib/gcc/arm-none-eabi/11.3.1/../../../../arm-none-eabi/lib/thumb/v7e-m+fp/hard\libc_nano.a(libc_a-reent.o)
                0x00000000200009d4                errno
 .bss.__lock___malloc_recursive_mutex
                0x00000000200009d8        0x1 C:/ST/STM32CubeIDE_1.14.1/STM32CubeIDE/plugins/com.st.stm32cube.ide.mcu.externaltools.gnu-tools-for-stm32.11.3.rel1.win32_1.1.100.202309141235/tools/bin/../lib/gcc/arm-none-eabi/11.3.1/../../../../arm-none-eabi/lib/thumb/v7e-m+fp/hard\libc_nano.a(libc_a-lock.o)
                0x00000000200009d8                __lock___malloc_recursive_mutex
 .bss.__lock___sfp_recursive_mutex
                0x00000000200009d9        0x1 C:/ST/STM32CubeIDE_1.14.1/STM32CubeIDE/plugins/com.st.stm32cube.ide.mcu.externaltools.gnu-tools-for-stm32.11.3.rel1.win32_1.1.100.202309141235/tools/bin/../lib/gcc/arm-none-eabi/11.3.1/../../../../arm-none-eabi/lib/thumb/v7e-m+fp/hard\libc_nano.a(libc_a-lock.o)
                0x00000000200009d9                __lock___sfp_recursive_mutex
 *fill*         0x00000000200009da        0x2 
 .bss.__malloc_free_list
                0x00000000200009dc        0x4 C:/ST/STM32CubeIDE_1.14.1/STM32CubeIDE/plugins/com.st.stm32cube.ide.mcu.externaltools.gnu-tools-for-stm32.11.3.rel1.win32_1.1.100.202309141235/tools/bin/../lib/gcc/arm-none-eabi/11.3.1/../../../../arm-none-eabi/lib/thumb/v7e-m+fp/hard\libc_nano.a(libc_a-mallocr.o)
                0x00000000200009dc                __malloc_free_list
 .bss.__malloc_sbrk_start
                0x00000000200009e0        0x4 C:/ST/STM32CubeIDE_1.14.1/STM32CubeIDE/plugins/com.st.stm32cube.ide.mcu.externaltools.gnu-tools-for-stm32.11.3.rel1.win32_1.1.100.202309141235/tools/bin/../lib/gcc/arm-none-eabi/11.3.1/../../../../arm-none-eabi/lib/thumb/v7e-m+fp/hard\libc_nano.a(libc_a-mallocr.o)
                0x00000000200009e0                __malloc_sbrk_start
 *(COMMON)
                0x00000000200009e4                . = ALIGN (0x4)
                0x00000000200009e4                _ebss = .
                0x00000000200009e4                __bss_end__ = _ebss

._user_heap_stack
                0x00000000200009e4      0x604 load address 0x0000000008004e00
                0x00000000200009e8                . = ALIGN (0x8)
 *fill*         0x00000000200009e4        0x4 
                [!provide]                        PROVIDE (end = .)
                0x00000000200009e8                PROVIDE (_end = .)
                0x0000000020000be8                . = (. + _Min_Heap_Size)
 *fill*         0x00000000200009e8      0x200 
                0x0000000020000fe8                . = (. + _Min_Stack_Size)
 *fill*         0x0000000020000be8      0x400 
                0x0000000020000fe8                . = ALIGN (0x8)

/DISCARD/
 libc.a(*)
 libm.a(*)
 libgcc.a(*)

.ARM.attributes
                0x0000000000000000       0x30
 *(.ARM.attributes)
 .ARM.attributes
                0x0000000000000000       0x1e C:/ST/STM32CubeIDE_1.14.1/STM32CubeIDE/plugins/com.st.stm32cube.ide.mcu.externaltools.gnu-tools-for-stm32.11.3.rel1.win32_1.1.100.202309141235/tools/bin/../lib/gcc/arm-none-eabi/11.3.1/thumb/v7e-m+fp/hard/crti.o
 .ARM.attributes
                0x000000000000001e       0x34 C:/ST/STM32CubeIDE_1.14.1/STM32CubeIDE/plugins/com.st.stm32cube.ide.mcu.externaltools.gnu-tools-for-stm32.11.3.rel1.win32_1.1.100.202309141235/tools/bin/../lib/gcc/arm-none-eabi/11.3.1/thumb/v7e-m+fp/hard/crtbegin.o
 .ARM.attributes
                0x0000000000000052       0x34 ./Core/Src/eth.o
 .ARM.attributes
                0x0000000000000086       0x34 ./Core/Src/gpio.o
 .ARM.attributes
                0x00000000000000ba       0x34 ./Core/Src/main.o
 .ARM.attributes
                0x00000000000000ee       0x34 ./Core/Src/stm32f7xx_hal_msp.o
 .ARM.attributes
                0x0000000000000122       0x34 ./Core/Src/stm32f7xx_it.o
 .ARM.attributes
                0x0000000000000156       0x34 ./Core/Src/syscalls.o
 .ARM.attributes
                0x000000000000018a       0x34 ./Core/Src/sysmem.o
 .ARM.attributes
                0x00000000000001be       0x34 ./Core/Src/system_stm32f7xx.o
 .ARM.attributes
                0x00000000000001f2       0x34 ./Core/Src/tim.o
 .ARM.attributes
                0x0000000000000226       0x34 ./Core/Src/usart.o
 .ARM.attributes
                0x000000000000025a       0x34 ./Core/Src/usb_otg.o
 .ARM.attributes
                0x000000000000028e       0x21 ./Core/Startup/startup_stm32f756zgtx.o
 .ARM.attributes
                0x00000000000002af       0x34 ./Drivers/STM32F7xx_HAL_Driver/stm32f7xx_hal.o
 .ARM.attributes
                0x00000000000002e3       0x34 ./Drivers/STM32F7xx_HAL_Driver/stm32f7xx_hal_cortex.o
 .ARM.attributes
                0x0000000000000317       0x34 ./Drivers/STM32F7xx_HAL_Driver/stm32f7xx_hal_eth.o
 .ARM.attributes
                0x000000000000034b       0x34 ./Drivers/STM32F7xx_HAL_Driver/stm32f7xx_hal_gpio.o
 .ARM.attributes
                0x000000000000037f       0x34 ./Drivers/STM32F7xx_HAL_Driver/stm32f7xx_hal_pcd.o
 .ARM.attributes
                0x00000000000003b3       0x34 ./Drivers/STM32F7xx_HAL_Driver/stm32f7xx_hal_pcd_ex.o
 .ARM.attributes
                0x00000000000003e7       0x34 ./Drivers/STM32F7xx_HAL_Driver/stm32f7xx_hal_pwr.o
 .ARM.attributes
                0x000000000000041b       0x34 ./Drivers/STM32F7xx_HAL_Driver/stm32f7xx_hal_rcc.o
 .ARM.attributes
                0x000000000000044f       0x34 ./Drivers/STM32F7xx_HAL_Driver/stm32f7xx_hal_rcc_ex.o
 .ARM.attributes
                0x0000000000000483       0x34 ./Drivers/STM32F7xx_HAL_Driver/stm32f7xx_hal_tim.o
 .ARM.attributes
                0x00000000000004b7       0x34 ./Drivers/STM32F7xx_HAL_Driver/stm32f7xx_hal_tim_ex.o
 .ARM.attributes
                0x00000000000004eb       0x34 ./Drivers/STM32F7xx_HAL_Driver/stm32f7xx_hal_uart.o
 .ARM.attributes
                0x000000000000051f       0x34 ./Drivers/STM32F7xx_HAL_Driver/stm32f7xx_ll_usb.o
 .ARM.attributes
                0x0000000000000553       0x34 ./user/retarget.o
 .ARM.attributes
                0x0000000000000587       0x34 ./user/usermain.o
 .ARM.attributes
                0x00000000000005bb       0x34 C:/ST/STM32CubeIDE_1.14.1/STM32CubeIDE/plugins/com.st.stm32cube.ide.mcu.externaltools.gnu-tools-for-stm32.11.3.rel1.win32_1.1.100.202309141235/tools/bin/../lib/gcc/arm-none-eabi/11.3.1/../../../../arm-none-eabi/lib/thumb/v7e-m+fp/hard\libc_nano.a(libc_a-findfp.o)
 .ARM.attributes
                0x00000000000005ef       0x34 C:/ST/STM32CubeIDE_1.14.1/STM32CubeIDE/plugins/com.st.stm32cube.ide.mcu.externaltools.gnu-tools-for-stm32.11.3.rel1.win32_1.1.100.202309141235/tools/bin/../lib/gcc/arm-none-eabi/11.3.1/../../../../arm-none-eabi/lib/thumb/v7e-m+fp/hard\libc_nano.a(libc_a-fwalk.o)
 .ARM.attributes
                0x0000000000000623       0x34 C:/ST/STM32CubeIDE_1.14.1/STM32CubeIDE/plugins/com.st.stm32cube.ide.mcu.externaltools.gnu-tools-for-stm32.11.3.rel1.win32_1.1.100.202309141235/tools/bin/../lib/gcc/arm-none-eabi/11.3.1/../../../../arm-none-eabi/lib/thumb/v7e-m+fp/hard\libc_nano.a(libc_a-puts.o)
 .ARM.attributes
                0x0000000000000657       0x34 C:/ST/STM32CubeIDE_1.14.1/STM32CubeIDE/plugins/com.st.stm32cube.ide.mcu.externaltools.gnu-tools-for-stm32.11.3.rel1.win32_1.1.100.202309141235/tools/bin/../lib/gcc/arm-none-eabi/11.3.1/../../../../arm-none-eabi/lib/thumb/v7e-m+fp/hard\libc_nano.a(libc_a-stdio.o)
 .ARM.attributes
                0x000000000000068b       0x34 C:/ST/STM32CubeIDE_1.14.1/STM32CubeIDE/plugins/com.st.stm32cube.ide.mcu.externaltools.gnu-tools-for-stm32.11.3.rel1.win32_1.1.100.202309141235/tools/bin/../lib/gcc/arm-none-eabi/11.3.1/../../../../arm-none-eabi/lib/thumb/v7e-m+fp/hard\libc_nano.a(libc_a-wbuf.o)
 .ARM.attributes
                0x00000000000006bf       0x34 C:/ST/STM32CubeIDE_1.14.1/STM32CubeIDE/plugins/com.st.stm32cube.ide.mcu.externaltools.gnu-tools-for-stm32.11.3.rel1.win32_1.1.100.202309141235/tools/bin/../lib/gcc/arm-none-eabi/11.3.1/../../../../arm-none-eabi/lib/thumb/v7e-m+fp/hard\libc_nano.a(libc_a-wsetup.o)
 .ARM.attributes
                0x00000000000006f3       0x34 C:/ST/STM32CubeIDE_1.14.1/STM32CubeIDE/plugins/com.st.stm32cube.ide.mcu.externaltools.gnu-tools-for-stm32.11.3.rel1.win32_1.1.100.202309141235/tools/bin/../lib/gcc/arm-none-eabi/11.3.1/../../../../arm-none-eabi/lib/thumb/v7e-m+fp/hard\libc_nano.a(libc_a-memset.o)
 .ARM.attributes
                0x0000000000000727       0x34 C:/ST/STM32CubeIDE_1.14.1/STM32CubeIDE/plugins/com.st.stm32cube.ide.mcu.externaltools.gnu-tools-for-stm32.11.3.rel1.win32_1.1.100.202309141235/tools/bin/../lib/gcc/arm-none-eabi/11.3.1/../../../../arm-none-eabi/lib/thumb/v7e-m+fp/hard\libc_nano.a(libc_a-closer.o)
 .ARM.attributes
                0x000000000000075b       0x34 C:/ST/STM32CubeIDE_1.14.1/STM32CubeIDE/plugins/com.st.stm32cube.ide.mcu.externaltools.gnu-tools-for-stm32.11.3.rel1.win32_1.1.100.202309141235/tools/bin/../lib/gcc/arm-none-eabi/11.3.1/../../../../arm-none-eabi/lib/thumb/v7e-m+fp/hard\libc_nano.a(libc_a-reent.o)
 .ARM.attributes
                0x000000000000078f       0x34 C:/ST/STM32CubeIDE_1.14.1/STM32CubeIDE/plugins/com.st.stm32cube.ide.mcu.externaltools.gnu-tools-for-stm32.11.3.rel1.win32_1.1.100.202309141235/tools/bin/../lib/gcc/arm-none-eabi/11.3.1/../../../../arm-none-eabi/lib/thumb/v7e-m+fp/hard\libc_nano.a(libc_a-impure.o)
 .ARM.attributes
                0x00000000000007c3       0x34 C:/ST/STM32CubeIDE_1.14.1/STM32CubeIDE/plugins/com.st.stm32cube.ide.mcu.externaltools.gnu-tools-for-stm32.11.3.rel1.win32_1.1.100.202309141235/tools/bin/../lib/gcc/arm-none-eabi/11.3.1/../../../../arm-none-eabi/lib/thumb/v7e-m+fp/hard\libc_nano.a(libc_a-lseekr.o)
 .ARM.attributes
                0x00000000000007f7       0x34 C:/ST/STM32CubeIDE_1.14.1/STM32CubeIDE/plugins/com.st.stm32cube.ide.mcu.externaltools.gnu-tools-for-stm32.11.3.rel1.win32_1.1.100.202309141235/tools/bin/../lib/gcc/arm-none-eabi/11.3.1/../../../../arm-none-eabi/lib/thumb/v7e-m+fp/hard\libc_nano.a(libc_a-readr.o)
 .ARM.attributes
                0x000000000000082b       0x34 C:/ST/STM32CubeIDE_1.14.1/STM32CubeIDE/plugins/com.st.stm32cube.ide.mcu.externaltools.gnu-tools-for-stm32.11.3.rel1.win32_1.1.100.202309141235/tools/bin/../lib/gcc/arm-none-eabi/11.3.1/../../../../arm-none-eabi/lib/thumb/v7e-m+fp/hard\libc_nano.a(libc_a-writer.o)
 .ARM.attributes
                0x000000000000085f       0x34 C:/ST/STM32CubeIDE_1.14.1/STM32CubeIDE/plugins/com.st.stm32cube.ide.mcu.externaltools.gnu-tools-for-stm32.11.3.rel1.win32_1.1.100.202309141235/tools/bin/../lib/gcc/arm-none-eabi/11.3.1/../../../../arm-none-eabi/lib/thumb/v7e-m+fp/hard\libc_nano.a(libc_a-errno.o)
 .ARM.attributes
                0x0000000000000893       0x34 C:/ST/STM32CubeIDE_1.14.1/STM32CubeIDE/plugins/com.st.stm32cube.ide.mcu.externaltools.gnu-tools-for-stm32.11.3.rel1.win32_1.1.100.202309141235/tools/bin/../lib/gcc/arm-none-eabi/11.3.1/../../../../arm-none-eabi/lib/thumb/v7e-m+fp/hard\libc_nano.a(libc_a-init.o)
 .ARM.attributes
                0x00000000000008c7       0x34 C:/ST/STM32CubeIDE_1.14.1/STM32CubeIDE/plugins/com.st.stm32cube.ide.mcu.externaltools.gnu-tools-for-stm32.11.3.rel1.win32_1.1.100.202309141235/tools/bin/../lib/gcc/arm-none-eabi/11.3.1/../../../../arm-none-eabi/lib/thumb/v7e-m+fp/hard\libc_nano.a(libc_a-lock.o)
 .ARM.attributes
                0x00000000000008fb       0x34 C:/ST/STM32CubeIDE_1.14.1/STM32CubeIDE/plugins/com.st.stm32cube.ide.mcu.externaltools.gnu-tools-for-stm32.11.3.rel1.win32_1.1.100.202309141235/tools/bin/../lib/gcc/arm-none-eabi/11.3.1/../../../../arm-none-eabi/lib/thumb/v7e-m+fp/hard\libc_nano.a(libc_a-freer.o)
 .ARM.attributes
                0x000000000000092f       0x34 C:/ST/STM32CubeIDE_1.14.1/STM32CubeIDE/plugins/com.st.stm32cube.ide.mcu.externaltools.gnu-tools-for-stm32.11.3.rel1.win32_1.1.100.202309141235/tools/bin/../lib/gcc/arm-none-eabi/11.3.1/../../../../arm-none-eabi/lib/thumb/v7e-m+fp/hard\libc_nano.a(libc_a-mallocr.o)
 .ARM.attributes
                0x0000000000000963       0x34 C:/ST/STM32CubeIDE_1.14.1/STM32CubeIDE/plugins/com.st.stm32cube.ide.mcu.externaltools.gnu-tools-for-stm32.11.3.rel1.win32_1.1.100.202309141235/tools/bin/../lib/gcc/arm-none-eabi/11.3.1/../../../../arm-none-eabi/lib/thumb/v7e-m+fp/hard\libc_nano.a(libc_a-mlock.o)
 .ARM.attributes
                0x0000000000000997       0x34 C:/ST/STM32CubeIDE_1.14.1/STM32CubeIDE/plugins/com.st.stm32cube.ide.mcu.externaltools.gnu-tools-for-stm32.11.3.rel1.win32_1.1.100.202309141235/tools/bin/../lib/gcc/arm-none-eabi/11.3.1/../../../../arm-none-eabi/lib/thumb/v7e-m+fp/hard\libc_nano.a(libc_a-fflush.o)
 .ARM.attributes
                0x00000000000009cb       0x34 C:/ST/STM32CubeIDE_1.14.1/STM32CubeIDE/plugins/com.st.stm32cube.ide.mcu.externaltools.gnu-tools-for-stm32.11.3.rel1.win32_1.1.100.202309141235/tools/bin/../lib/gcc/arm-none-eabi/11.3.1/../../../../arm-none-eabi/lib/thumb/v7e-m+fp/hard\libc_nano.a(libc_a-makebuf.o)
 .ARM.attributes
                0x00000000000009ff       0x34 C:/ST/STM32CubeIDE_1.14.1/STM32CubeIDE/plugins/com.st.stm32cube.ide.mcu.externaltools.gnu-tools-for-stm32.11.3.rel1.win32_1.1.100.202309141235/tools/bin/../lib/gcc/arm-none-eabi/11.3.1/../../../../arm-none-eabi/lib/thumb/v7e-m+fp/hard\libc_nano.a(libc_a-fstatr.o)
 .ARM.attributes
                0x0000000000000a33       0x34 C:/ST/STM32CubeIDE_1.14.1/STM32CubeIDE/plugins/com.st.stm32cube.ide.mcu.externaltools.gnu-tools-for-stm32.11.3.rel1.win32_1.1.100.202309141235/tools/bin/../lib/gcc/arm-none-eabi/11.3.1/../../../../arm-none-eabi/lib/thumb/v7e-m+fp/hard\libc_nano.a(libc_a-isattyr.o)
 .ARM.attributes
                0x0000000000000a67       0x34 C:/ST/STM32CubeIDE_1.14.1/STM32CubeIDE/plugins/com.st.stm32cube.ide.mcu.externaltools.gnu-tools-for-stm32.11.3.rel1.win32_1.1.100.202309141235/tools/bin/../lib/gcc/arm-none-eabi/11.3.1/../../../../arm-none-eabi/lib/thumb/v7e-m+fp/hard\libc_nano.a(libc_a-sbrkr.o)
 .ARM.attributes
                0x0000000000000a9b       0x1e C:/ST/STM32CubeIDE_1.14.1/STM32CubeIDE/plugins/com.st.stm32cube.ide.mcu.externaltools.gnu-tools-for-stm32.11.3.rel1.win32_1.1.100.202309141235/tools/bin/../lib/gcc/arm-none-eabi/11.3.1/thumb/v7e-m+fp/hard\libgcc.a(_aeabi_uldivmod.o)
 .ARM.attributes
                0x0000000000000ab9       0x34 C:/ST/STM32CubeIDE_1.14.1/STM32CubeIDE/plugins/com.st.stm32cube.ide.mcu.externaltools.gnu-tools-for-stm32.11.3.rel1.win32_1.1.100.202309141235/tools/bin/../lib/gcc/arm-none-eabi/11.3.1/thumb/v7e-m+fp/hard\libgcc.a(_udivmoddi4.o)
 .ARM.attributes
                0x0000000000000aed       0x1e C:/ST/STM32CubeIDE_1.14.1/STM32CubeIDE/plugins/com.st.stm32cube.ide.mcu.externaltools.gnu-tools-for-stm32.11.3.rel1.win32_1.1.100.202309141235/tools/bin/../lib/gcc/arm-none-eabi/11.3.1/thumb/v7e-m+fp/hard\libgcc.a(_dvmd_tls.o)
 .ARM.attributes
                0x0000000000000b0b       0x1e C:/ST/STM32CubeIDE_1.14.1/STM32CubeIDE/plugins/com.st.stm32cube.ide.mcu.externaltools.gnu-tools-for-stm32.11.3.rel1.win32_1.1.100.202309141235/tools/bin/../lib/gcc/arm-none-eabi/11.3.1/thumb/v7e-m+fp/hard/crtn.o
OUTPUT(ledist.elf elf32-littlearm)
LOAD linker stubs
LOAD C:/ST/STM32CubeIDE_1.14.1/STM32CubeIDE/plugins/com.st.stm32cube.ide.mcu.externaltools.gnu-tools-for-stm32.11.3.rel1.win32_1.1.100.202309141235/tools/bin/../lib/gcc/arm-none-eabi/11.3.1/../../../../arm-none-eabi/lib/thumb/v7e-m+fp/hard\libc.a
LOAD C:/ST/STM32CubeIDE_1.14.1/STM32CubeIDE/plugins/com.st.stm32cube.ide.mcu.externaltools.gnu-tools-for-stm32.11.3.rel1.win32_1.1.100.202309141235/tools/bin/../lib/gcc/arm-none-eabi/11.3.1/../../../../arm-none-eabi/lib/thumb/v7e-m+fp/hard\libm.a
LOAD C:/ST/STM32CubeIDE_1.14.1/STM32CubeIDE/plugins/com.st.stm32cube.ide.mcu.externaltools.gnu-tools-for-stm32.11.3.rel1.win32_1.1.100.202309141235/tools/bin/../lib/gcc/arm-none-eabi/11.3.1/thumb/v7e-m+fp/hard\libgcc.a

.comment        0x0000000000000000       0x43
 .comment       0x0000000000000000       0x43 C:/ST/STM32CubeIDE_1.14.1/STM32CubeIDE/plugins/com.st.stm32cube.ide.mcu.externaltools.gnu-tools-for-stm32.11.3.rel1.win32_1.1.100.202309141235/tools/bin/../lib/gcc/arm-none-eabi/11.3.1/thumb/v7e-m+fp/hard/crtbegin.o
                                         0x44 (size before relaxing)
 .comment       0x0000000000000043       0x44 ./Core/Src/eth.o
 .comment       0x0000000000000043       0x44 ./Core/Src/gpio.o
 .comment       0x0000000000000043       0x44 ./Core/Src/main.o
 .comment       0x0000000000000043       0x44 ./Core/Src/stm32f7xx_hal_msp.o
 .comment       0x0000000000000043       0x44 ./Core/Src/stm32f7xx_it.o
 .comment       0x0000000000000043       0x44 ./Core/Src/syscalls.o
 .comment       0x0000000000000043       0x44 ./Core/Src/sysmem.o
 .comment       0x0000000000000043       0x44 ./Core/Src/system_stm32f7xx.o
 .comment       0x0000000000000043       0x44 ./Core/Src/tim.o
 .comment       0x0000000000000043       0x44 ./Core/Src/usart.o
 .comment       0x0000000000000043       0x44 ./Core/Src/usb_otg.o
 .comment       0x0000000000000043       0x44 ./Drivers/STM32F7xx_HAL_Driver/stm32f7xx_hal.o
 .comment       0x0000000000000043       0x44 ./Drivers/STM32F7xx_HAL_Driver/stm32f7xx_hal_cortex.o
 .comment       0x0000000000000043       0x44 ./Drivers/STM32F7xx_HAL_Driver/stm32f7xx_hal_eth.o
 .comment       0x0000000000000043       0x44 ./Drivers/STM32F7xx_HAL_Driver/stm32f7xx_hal_gpio.o
 .comment       0x0000000000000043       0x44 ./Drivers/STM32F7xx_HAL_Driver/stm32f7xx_hal_pcd.o
 .comment       0x0000000000000043       0x44 ./Drivers/STM32F7xx_HAL_Driver/stm32f7xx_hal_pcd_ex.o
 .comment       0x0000000000000043       0x44 ./Drivers/STM32F7xx_HAL_Driver/stm32f7xx_hal_pwr.o
 .comment       0x0000000000000043       0x44 ./Drivers/STM32F7xx_HAL_Driver/stm32f7xx_hal_rcc.o
 .comment       0x0000000000000043       0x44 ./Drivers/STM32F7xx_HAL_Driver/stm32f7xx_hal_rcc_ex.o
 .comment       0x0000000000000043       0x44 ./Drivers/STM32F7xx_HAL_Driver/stm32f7xx_hal_tim.o
 .comment       0x0000000000000043       0x44 ./Drivers/STM32F7xx_HAL_Driver/stm32f7xx_hal_tim_ex.o
 .comment       0x0000000000000043       0x44 ./Drivers/STM32F7xx_HAL_Driver/stm32f7xx_hal_uart.o
 .comment       0x0000000000000043       0x44 ./Drivers/STM32F7xx_HAL_Driver/stm32f7xx_ll_usb.o
 .comment       0x0000000000000043       0x44 ./user/retarget.o
 .comment       0x0000000000000043       0x44 ./user/usermain.o

.debug_info     0x0000000000000000    0x16091
 .debug_info    0x0000000000000000      0xf78 ./Core/Src/eth.o
 .debug_info    0x0000000000000f78      0x465 ./Core/Src/gpio.o
 .debug_info    0x00000000000013dd      0x4fb ./Core/Src/main.o
 .debug_info    0x00000000000018d8      0x28d ./Core/Src/stm32f7xx_hal_msp.o
 .debug_info    0x0000000000001b65      0x112 ./Core/Src/stm32f7xx_it.o
 .debug_info    0x0000000000001c77      0x6a3 ./Core/Src/syscalls.o
 .debug_info    0x000000000000231a      0x168 ./Core/Src/sysmem.o
 .debug_info    0x0000000000002482      0x6ed ./Core/Src/system_stm32f7xx.o
 .debug_info    0x0000000000002b6f      0x99a ./Core/Src/tim.o
 .debug_info    0x0000000000003509      0xc5a ./Core/Src/usart.o
 .debug_info    0x0000000000004163      0xbde ./Core/Src/usb_otg.o
 .debug_info    0x0000000000004d41       0x23 ./Core/Startup/startup_stm32f756zgtx.o
 .debug_info    0x0000000000004d64      0x9de ./Drivers/STM32F7xx_HAL_Driver/stm32f7xx_hal.o
 .debug_info    0x0000000000005742      0xf4f ./Drivers/STM32F7xx_HAL_Driver/stm32f7xx_hal_cortex.o
 .debug_info    0x0000000000006691     0x2084 ./Drivers/STM32F7xx_HAL_Driver/stm32f7xx_hal_eth.o
 .debug_info    0x0000000000008715      0x6e7 ./Drivers/STM32F7xx_HAL_Driver/stm32f7xx_hal_gpio.o
 .debug_info    0x0000000000008dfc     0x156c ./Drivers/STM32F7xx_HAL_Driver/stm32f7xx_hal_pcd.o
 .debug_info    0x000000000000a368      0x78b ./Drivers/STM32F7xx_HAL_Driver/stm32f7xx_hal_pcd_ex.o
 .debug_info    0x000000000000aaf3      0x90e ./Drivers/STM32F7xx_HAL_Driver/stm32f7xx_hal_pwr.o
 .debug_info    0x000000000000b401      0x8dc ./Drivers/STM32F7xx_HAL_Driver/stm32f7xx_hal_rcc.o
 .debug_info    0x000000000000bcdd      0x6bd ./Drivers/STM32F7xx_HAL_Driver/stm32f7xx_hal_rcc_ex.o
 .debug_info    0x000000000000c39a     0x2a9a ./Drivers/STM32F7xx_HAL_Driver/stm32f7xx_hal_tim.o
 .debug_info    0x000000000000ee34     0x15bb ./Drivers/STM32F7xx_HAL_Driver/stm32f7xx_hal_tim_ex.o
 .debug_info    0x00000000000103ef     0x3a47 ./Drivers/STM32F7xx_HAL_Driver/stm32f7xx_hal_uart.o
 .debug_info    0x0000000000013e36     0x19bc ./Drivers/STM32F7xx_HAL_Driver/stm32f7xx_ll_usb.o
 .debug_info    0x00000000000157f2      0x70a ./user/retarget.o
 .debug_info    0x0000000000015efc      0x195 ./user/usermain.o

.debug_abbrev   0x0000000000000000     0x31fc
 .debug_abbrev  0x0000000000000000      0x249 ./Core/Src/eth.o
 .debug_abbrev  0x0000000000000249      0x152 ./Core/Src/gpio.o
 .debug_abbrev  0x000000000000039b      0x1ea ./Core/Src/main.o
 .debug_abbrev  0x0000000000000585       0xd8 ./Core/Src/stm32f7xx_hal_msp.o
 .debug_abbrev  0x000000000000065d       0x73 ./Core/Src/stm32f7xx_it.o
 .debug_abbrev  0x00000000000006d0      0x1b6 ./Core/Src/syscalls.o
 .debug_abbrev  0x0000000000000886       0xbc ./Core/Src/sysmem.o
 .debug_abbrev  0x0000000000000942      0x13b ./Core/Src/system_stm32f7xx.o
 .debug_abbrev  0x0000000000000a7d      0x1d8 ./Core/Src/tim.o
 .debug_abbrev  0x0000000000000c55      0x1f9 ./Core/Src/usart.o
 .debug_abbrev  0x0000000000000e4e      0x230 ./Core/Src/usb_otg.o
 .debug_abbrev  0x000000000000107e       0x12 ./Core/Startup/startup_stm32f756zgtx.o
 .debug_abbrev  0x0000000000001090      0x213 ./Drivers/STM32F7xx_HAL_Driver/stm32f7xx_hal.o
 .debug_abbrev  0x00000000000012a3      0x329 ./Drivers/STM32F7xx_HAL_Driver/stm32f7xx_hal_cortex.o
 .debug_abbrev  0x00000000000015cc      0x2ec ./Drivers/STM32F7xx_HAL_Driver/stm32f7xx_hal_eth.o
 .debug_abbrev  0x00000000000018b8      0x1d4 ./Drivers/STM32F7xx_HAL_Driver/stm32f7xx_hal_gpio.o
 .debug_abbrev  0x0000000000001a8c      0x2e7 ./Drivers/STM32F7xx_HAL_Driver/stm32f7xx_hal_pcd.o
 .debug_abbrev  0x0000000000001d73      0x1ca ./Drivers/STM32F7xx_HAL_Driver/stm32f7xx_hal_pcd_ex.o
 .debug_abbrev  0x0000000000001f3d      0x1c5 ./Drivers/STM32F7xx_HAL_Driver/stm32f7xx_hal_pwr.o
 .debug_abbrev  0x0000000000002102      0x288 ./Drivers/STM32F7xx_HAL_Driver/stm32f7xx_hal_rcc.o
 .debug_abbrev  0x000000000000238a      0x1c9 ./Drivers/STM32F7xx_HAL_Driver/stm32f7xx_hal_rcc_ex.o
 .debug_abbrev  0x0000000000002553      0x278 ./Drivers/STM32F7xx_HAL_Driver/stm32f7xx_hal_tim.o
 .debug_abbrev  0x00000000000027cb      0x283 ./Drivers/STM32F7xx_HAL_Driver/stm32f7xx_hal_tim_ex.o
 .debug_abbrev  0x0000000000002a4e      0x2e6 ./Drivers/STM32F7xx_HAL_Driver/stm32f7xx_hal_uart.o
 .debug_abbrev  0x0000000000002d34      0x28c ./Drivers/STM32F7xx_HAL_Driver/stm32f7xx_ll_usb.o
 .debug_abbrev  0x0000000000002fc0      0x160 ./user/retarget.o
 .debug_abbrev  0x0000000000003120       0xdc ./user/usermain.o

.debug_aranges  0x0000000000000000     0x1368
 .debug_aranges
                0x0000000000000000       0x30 ./Core/Src/eth.o
 .debug_aranges
                0x0000000000000030       0x20 ./Core/Src/gpio.o
 .debug_aranges
                0x0000000000000050       0x30 ./Core/Src/main.o
 .debug_aranges
                0x0000000000000080       0x20 ./Core/Src/stm32f7xx_hal_msp.o
 .debug_aranges
                0x00000000000000a0       0x60 ./Core/Src/stm32f7xx_it.o
 .debug_aranges
                0x0000000000000100       0xa8 ./Core/Src/syscalls.o
 .debug_aranges
                0x00000000000001a8       0x20 ./Core/Src/sysmem.o
 .debug_aranges
                0x00000000000001c8       0x28 ./Core/Src/system_stm32f7xx.o
 .debug_aranges
                0x00000000000001f0       0x30 ./Core/Src/tim.o
 .debug_aranges
                0x0000000000000220       0x30 ./Core/Src/usart.o
 .debug_aranges
                0x0000000000000250       0x30 ./Core/Src/usb_otg.o
 .debug_aranges
                0x0000000000000280       0x28 ./Core/Startup/startup_stm32f756zgtx.o
 .debug_aranges
                0x00000000000002a8      0x100 ./Drivers/STM32F7xx_HAL_Driver/stm32f7xx_hal.o
 .debug_aranges
                0x00000000000003a8      0x118 ./Drivers/STM32F7xx_HAL_Driver/stm32f7xx_hal_cortex.o
 .debug_aranges
                0x00000000000004c0      0x1e0 ./Drivers/STM32F7xx_HAL_Driver/stm32f7xx_hal_eth.o
 .debug_aranges
                0x00000000000006a0       0x58 ./Drivers/STM32F7xx_HAL_Driver/stm32f7xx_hal_gpio.o
 .debug_aranges
                0x00000000000006f8      0x148 ./Drivers/STM32F7xx_HAL_Driver/stm32f7xx_hal_pcd.o
 .debug_aranges
                0x0000000000000840       0x48 ./Drivers/STM32F7xx_HAL_Driver/stm32f7xx_hal_pcd_ex.o
 .debug_aranges
                0x0000000000000888       0xa0 ./Drivers/STM32F7xx_HAL_Driver/stm32f7xx_hal_pwr.o
 .debug_aranges
                0x0000000000000928       0x88 ./Drivers/STM32F7xx_HAL_Driver/stm32f7xx_hal_rcc.o
 .debug_aranges
                0x00000000000009b0       0x50 ./Drivers/STM32F7xx_HAL_Driver/stm32f7xx_hal_rcc_ex.o
 .debug_aranges
                0x0000000000000a00      0x3e0 ./Drivers/STM32F7xx_HAL_Driver/stm32f7xx_hal_tim.o
 .debug_aranges
                0x0000000000000de0      0x178 ./Drivers/STM32F7xx_HAL_Driver/stm32f7xx_hal_tim_ex.o
 .debug_aranges
                0x0000000000000f58      0x228 ./Drivers/STM32F7xx_HAL_Driver/stm32f7xx_hal_uart.o
 .debug_aranges
                0x0000000000001180      0x1a8 ./Drivers/STM32F7xx_HAL_Driver/stm32f7xx_ll_usb.o
 .debug_aranges
                0x0000000000001328       0x20 ./user/retarget.o
 .debug_aranges
                0x0000000000001348       0x20 ./user/usermain.o

.debug_rnglists
                0x0000000000000000      0xef9
 .debug_rnglists
                0x0000000000000000       0x21 ./Core/Src/eth.o
 .debug_rnglists
                0x0000000000000021       0x14 ./Core/Src/gpio.o
 .debug_rnglists
                0x0000000000000035       0x20 ./Core/Src/main.o
 .debug_rnglists
                0x0000000000000055       0x13 ./Core/Src/stm32f7xx_hal_msp.o
 .debug_rnglists
                0x0000000000000068       0x43 ./Core/Src/stm32f7xx_it.o
 .debug_rnglists
                0x00000000000000ab       0x79 ./Core/Src/syscalls.o
 .debug_rnglists
                0x0000000000000124       0x13 ./Core/Src/sysmem.o
 .debug_rnglists
                0x0000000000000137       0x1a ./Core/Src/system_stm32f7xx.o
 .debug_rnglists
                0x0000000000000151       0x1f ./Core/Src/tim.o
 .debug_rnglists
                0x0000000000000170       0x20 ./Core/Src/usart.o
 .debug_rnglists
                0x0000000000000190       0x20 ./Core/Src/usb_otg.o
 .debug_rnglists
                0x00000000000001b0       0x19 ./Core/Startup/startup_stm32f756zgtx.o
 .debug_rnglists
                0x00000000000001c9       0xbb ./Drivers/STM32F7xx_HAL_Driver/stm32f7xx_hal.o
 .debug_rnglists
                0x0000000000000284       0xce ./Drivers/STM32F7xx_HAL_Driver/stm32f7xx_hal_cortex.o
 .debug_rnglists
                0x0000000000000352      0x17d ./Drivers/STM32F7xx_HAL_Driver/stm32f7xx_hal_eth.o
 .debug_rnglists
                0x00000000000004cf       0x3f ./Drivers/STM32F7xx_HAL_Driver/stm32f7xx_hal_gpio.o
 .debug_rnglists
                0x000000000000050e       0xfc ./Drivers/STM32F7xx_HAL_Driver/stm32f7xx_hal_pcd.o
 .debug_rnglists
                0x000000000000060a       0x32 ./Drivers/STM32F7xx_HAL_Driver/stm32f7xx_hal_pcd_ex.o
 .debug_rnglists
                0x000000000000063c       0x74 ./Drivers/STM32F7xx_HAL_Driver/stm32f7xx_hal_pwr.o
 .debug_rnglists
                0x00000000000006b0       0x67 ./Drivers/STM32F7xx_HAL_Driver/stm32f7xx_hal_rcc.o
 .debug_rnglists
                0x0000000000000717       0x3c ./Drivers/STM32F7xx_HAL_Driver/stm32f7xx_hal_rcc_ex.o
 .debug_rnglists
                0x0000000000000753      0x328 ./Drivers/STM32F7xx_HAL_Driver/stm32f7xx_hal_tim.o
 .debug_rnglists
                0x0000000000000a7b      0x131 ./Drivers/STM32F7xx_HAL_Driver/stm32f7xx_hal_tim_ex.o
 .debug_rnglists
                0x0000000000000bac      0x1d9 ./Drivers/STM32F7xx_HAL_Driver/stm32f7xx_hal_uart.o
 .debug_rnglists
                0x0000000000000d85      0x14e ./Drivers/STM32F7xx_HAL_Driver/stm32f7xx_ll_usb.o
 .debug_rnglists
                0x0000000000000ed3       0x13 ./user/retarget.o
 .debug_rnglists
                0x0000000000000ee6       0x13 ./user/usermain.o

.debug_macro    0x0000000000000000    0x2c7d0
 .debug_macro   0x0000000000000000      0x2f7 ./Core/Src/eth.o
 .debug_macro   0x00000000000002f7      0xaa8 ./Core/Src/eth.o
 .debug_macro   0x0000000000000d9f      0x29f ./Core/Src/eth.o
 .debug_macro   0x000000000000103e       0x2e ./Core/Src/eth.o
 .debug_macro   0x000000000000106c       0x3b ./Core/Src/eth.o
 .debug_macro   0x00000000000010a7       0x22 ./Core/Src/eth.o
 .debug_macro   0x00000000000010c9       0x8e ./Core/Src/eth.o
 .debug_macro   0x0000000000001157       0x51 ./Core/Src/eth.o
 .debug_macro   0x00000000000011a8      0x103 ./Core/Src/eth.o
 .debug_macro   0x00000000000012ab       0x6a ./Core/Src/eth.o
 .debug_macro   0x0000000000001315      0x1df ./Core/Src/eth.o
 .debug_macro   0x00000000000014f4       0x1c ./Core/Src/eth.o
 .debug_macro   0x0000000000001510       0x22 ./Core/Src/eth.o
 .debug_macro   0x0000000000001532       0xd9 ./Core/Src/eth.o
 .debug_macro   0x000000000000160b     0x12cd ./Core/Src/eth.o
 .debug_macro   0x00000000000028d8      0x11f ./Core/Src/eth.o
 .debug_macro   0x00000000000029f7       0x19 ./Core/Src/eth.o
 .debug_macro   0x0000000000002a10    0x19864 ./Core/Src/eth.o
 .debug_macro   0x000000000001c274       0x6d ./Core/Src/eth.o
 .debug_macro   0x000000000001c2e1     0x3749 ./Core/Src/eth.o
 .debug_macro   0x000000000001fa2a      0x174 ./Core/Src/eth.o
 .debug_macro   0x000000000001fb9e       0x63 ./Core/Src/eth.o
 .debug_macro   0x000000000001fc01     0x1939 ./Core/Src/eth.o
 .debug_macro   0x000000000002153a      0x6c4 ./Core/Src/eth.o
 .debug_macro   0x0000000000021bfe      0x185 ./Core/Src/eth.o
 .debug_macro   0x0000000000021d83      0x115 ./Core/Src/eth.o
 .debug_macro   0x0000000000021e98      0x1fd ./Core/Src/eth.o
 .debug_macro   0x0000000000022095       0xa5 ./Core/Src/eth.o
 .debug_macro   0x000000000002213a      0x24f ./Core/Src/eth.o
 .debug_macro   0x0000000000022389       0x41 ./Core/Src/eth.o
 .debug_macro   0x00000000000223ca       0x58 ./Core/Src/eth.o
 .debug_macro   0x0000000000022422      0x236 ./Core/Src/eth.o
 .debug_macro   0x0000000000022658      0xd44 ./Core/Src/eth.o
 .debug_macro   0x000000000002339c      0x14e ./Core/Src/eth.o
 .debug_macro   0x00000000000234ea      0x25a ./Core/Src/eth.o
 .debug_macro   0x0000000000023744       0x12 ./Core/Src/eth.o
 .debug_macro   0x0000000000023756      0x22c ./Core/Src/eth.o
 .debug_macro   0x0000000000023982       0x61 ./Core/Src/eth.o
 .debug_macro   0x00000000000239e3       0xa5 ./Core/Src/eth.o
 .debug_macro   0x0000000000023a88      0x12e ./Core/Src/eth.o
 .debug_macro   0x0000000000023bb6      0x108 ./Core/Src/eth.o
 .debug_macro   0x0000000000023cbe       0x35 ./Core/Src/eth.o
 .debug_macro   0x0000000000023cf3      0xa7c ./Core/Src/eth.o
 .debug_macro   0x000000000002476f       0x59 ./Core/Src/eth.o
 .debug_macro   0x00000000000247c8      0x56d ./Core/Src/eth.o
 .debug_macro   0x0000000000024d35       0x44 ./Core/Src/eth.o
 .debug_macro   0x0000000000024d79      0x256 ./Core/Src/eth.o
 .debug_macro   0x0000000000024fcf       0xba ./Core/Src/eth.o
 .debug_macro   0x0000000000025089      0x14d ./Core/Src/eth.o
 .debug_macro   0x00000000000251d6      0x13c ./Core/Src/eth.o
 .debug_macro   0x0000000000025312       0x61 ./Core/Src/eth.o
 .debug_macro   0x0000000000025373       0x2a ./Core/Src/eth.o
 .debug_macro   0x000000000002539d       0x43 ./Core/Src/eth.o
 .debug_macro   0x00000000000253e0       0x34 ./Core/Src/eth.o
 .debug_macro   0x0000000000025414       0x16 ./Core/Src/eth.o
 .debug_macro   0x000000000002542a       0x43 ./Core/Src/eth.o
 .debug_macro   0x000000000002546d       0x34 ./Core/Src/eth.o
 .debug_macro   0x00000000000254a1       0x10 ./Core/Src/eth.o
 .debug_macro   0x00000000000254b1       0x58 ./Core/Src/eth.o
 .debug_macro   0x0000000000025509       0x8e ./Core/Src/eth.o
 .debug_macro   0x0000000000025597       0x1c ./Core/Src/eth.o
 .debug_macro   0x00000000000255b3      0x177 ./Core/Src/eth.o
 .debug_macro   0x000000000002572a      0x369 ./Core/Src/eth.o
 .debug_macro   0x0000000000025a93       0x10 ./Core/Src/eth.o
 .debug_macro   0x0000000000025aa3       0x35 ./Core/Src/eth.o
 .debug_macro   0x0000000000025ad8       0x20 ./Core/Src/eth.o
 .debug_macro   0x0000000000025af8      0x229 ./Core/Src/gpio.o
 .debug_macro   0x0000000000025d21      0x25f ./Core/Src/main.o
 .debug_macro   0x0000000000025f80      0x21f ./Core/Src/stm32f7xx_hal_msp.o
 .debug_macro   0x000000000002619f      0x229 ./Core/Src/stm32f7xx_it.o
 .debug_macro   0x00000000000263c8      0x274 ./Core/Src/syscalls.o
 .debug_macro   0x000000000002663c       0x5b ./Core/Src/syscalls.o
 .debug_macro   0x0000000000026697       0x94 ./Core/Src/syscalls.o
 .debug_macro   0x000000000002672b       0x57 ./Core/Src/syscalls.o
 .debug_macro   0x0000000000026782       0x10 ./Core/Src/syscalls.o
 .debug_macro   0x0000000000026792       0x10 ./Core/Src/syscalls.o
 .debug_macro   0x00000000000267a2       0x10 ./Core/Src/syscalls.o
 .debug_macro   0x00000000000267b2       0x10 ./Core/Src/syscalls.o
 .debug_macro   0x00000000000267c2       0x1c ./Core/Src/syscalls.o
 .debug_macro   0x00000000000267de       0x52 ./Core/Src/syscalls.o
 .debug_macro   0x0000000000026830       0x22 ./Core/Src/syscalls.o
 .debug_macro   0x0000000000026852       0x10 ./Core/Src/syscalls.o
 .debug_macro   0x0000000000026862       0x52 ./Core/Src/syscalls.o
 .debug_macro   0x00000000000268b4       0xcf ./Core/Src/syscalls.o
 .debug_macro   0x0000000000026983       0x1c ./Core/Src/syscalls.o
 .debug_macro   0x000000000002699f       0x3d ./Core/Src/syscalls.o
 .debug_macro   0x00000000000269dc       0x35 ./Core/Src/syscalls.o
 .debug_macro   0x0000000000026a11      0x12c ./Core/Src/syscalls.o
 .debug_macro   0x0000000000026b3d       0x16 ./Core/Src/syscalls.o
 .debug_macro   0x0000000000026b53       0x16 ./Core/Src/syscalls.o
 .debug_macro   0x0000000000026b69       0x29 ./Core/Src/syscalls.o
 .debug_macro   0x0000000000026b92       0x10 ./Core/Src/syscalls.o
 .debug_macro   0x0000000000026ba2      0x242 ./Core/Src/syscalls.o
 .debug_macro   0x0000000000026de4       0x1c ./Core/Src/syscalls.o
 .debug_macro   0x0000000000026e00       0x10 ./Core/Src/syscalls.o
 .debug_macro   0x0000000000026e10       0x10 ./Core/Src/syscalls.o
 .debug_macro   0x0000000000026e20       0x16 ./Core/Src/syscalls.o
 .debug_macro   0x0000000000026e36      0x147 ./Core/Src/syscalls.o
 .debug_macro   0x0000000000026f7d      0x18a ./Core/Src/syscalls.o
 .debug_macro   0x0000000000027107       0x16 ./Core/Src/syscalls.o
 .debug_macro   0x000000000002711d       0xce ./Core/Src/syscalls.o
 .debug_macro   0x00000000000271eb       0xff ./Core/Src/sysmem.o
 .debug_macro   0x00000000000272ea      0x23c ./Core/Src/sysmem.o
 .debug_macro   0x0000000000027526      0x210 ./Core/Src/system_stm32f7xx.o
 .debug_macro   0x0000000000027736      0x229 ./Core/Src/tim.o
 .debug_macro   0x000000000002795f      0x229 ./Core/Src/usart.o
 .debug_macro   0x0000000000027b88      0x229 ./Core/Src/usb_otg.o
 .debug_macro   0x0000000000027db1      0x234 ./Drivers/STM32F7xx_HAL_Driver/stm32f7xx_hal.o
 .debug_macro   0x0000000000027fe5      0x210 ./Drivers/STM32F7xx_HAL_Driver/stm32f7xx_hal_cortex.o
 .debug_macro   0x00000000000281f5      0x2ea ./Drivers/STM32F7xx_HAL_Driver/stm32f7xx_hal_eth.o
 .debug_macro   0x00000000000284df      0x216 ./Drivers/STM32F7xx_HAL_Driver/stm32f7xx_hal_gpio.o
 .debug_macro   0x00000000000286f5      0x21c ./Drivers/STM32F7xx_HAL_Driver/stm32f7xx_hal_pcd.o
 .debug_macro   0x0000000000028911      0x210 ./Drivers/STM32F7xx_HAL_Driver/stm32f7xx_hal_pcd_ex.o
 .debug_macro   0x0000000000028b21      0x22e ./Drivers/STM32F7xx_HAL_Driver/stm32f7xx_hal_pwr.o
 .debug_macro   0x0000000000028d4f      0x234 ./Drivers/STM32F7xx_HAL_Driver/stm32f7xx_hal_rcc.o
 .debug_macro   0x0000000000028f83      0x210 ./Drivers/STM32F7xx_HAL_Driver/stm32f7xx_hal_rcc_ex.o
 .debug_macro   0x0000000000029193      0x211 ./Drivers/STM32F7xx_HAL_Driver/stm32f7xx_hal_tim.o
 .debug_macro   0x00000000000293a4      0x210 ./Drivers/STM32F7xx_HAL_Driver/stm32f7xx_hal_tim_ex.o
 .debug_macro   0x00000000000295b4      0x22d ./Drivers/STM32F7xx_HAL_Driver/stm32f7xx_hal_uart.o
 .debug_macro   0x00000000000297e1      0x210 ./Drivers/STM32F7xx_HAL_Driver/stm32f7xx_ll_usb.o
 .debug_macro   0x00000000000299f1      0x30a ./user/retarget.o
 .debug_macro   0x0000000000029cfb      0xb80 ./user/retarget.o
 .debug_macro   0x000000000002a87b       0x34 ./user/retarget.o
 .debug_macro   0x000000000002a8af       0x16 ./user/retarget.o
 .debug_macro   0x000000000002a8c5       0x97 ./user/retarget.o
 .debug_macro   0x000000000002a95c      0x38c ./user/retarget.o
 .debug_macro   0x000000000002ace8      0x104 ./user/retarget.o
 .debug_macro   0x000000000002adec       0x43 ./user/retarget.o
 .debug_macro   0x000000000002ae2f       0x16 ./user/retarget.o
 .debug_macro   0x000000000002ae45       0x16 ./user/retarget.o
 .debug_macro   0x000000000002ae5b      0x139 ./user/retarget.o
 .debug_macro   0x000000000002af94       0x1c ./user/retarget.o
 .debug_macro   0x000000000002afb0     0x12cd ./user/retarget.o
 .debug_macro   0x000000000002c27d       0x5d ./user/retarget.o
 .debug_macro   0x000000000002c2da      0x346 ./user/usermain.o
 .debug_macro   0x000000000002c620      0x17b ./user/usermain.o
 .debug_macro   0x000000000002c79b       0x35 ./user/usermain.o

.debug_line     0x0000000000000000    0x1b340
 .debug_line    0x0000000000000000      0xadd ./Core/Src/eth.o
 .debug_line    0x0000000000000add      0x8ff ./Core/Src/gpio.o
 .debug_line    0x00000000000013dc      0x998 ./Core/Src/main.o
 .debug_line    0x0000000000001d74      0x8cc ./Core/Src/stm32f7xx_hal_msp.o
 .debug_line    0x0000000000002640      0x98e ./Core/Src/stm32f7xx_it.o
 .debug_line    0x0000000000002fce      0x8b2 ./Core/Src/syscalls.o